Archive member included to satisfy reference by file (symbol)

d:/develop/mounriver_studio/toolchain/risc-v embedded gcc/bin/../lib/gcc/riscv-none-embed/8.2.0/../../../../riscv-none-embed/lib/rv32imacxw/ilp32\libm.a(lib_a-wf_acos.o)
                              ./General_File/driver/mpu.o (acosf)
d:/develop/mounriver_studio/toolchain/risc-v embedded gcc/bin/../lib/gcc/riscv-none-embed/8.2.0/../../../../riscv-none-embed/lib/rv32imacxw/ilp32\libm.a(lib_a-wf_atan2.o)
                              ./General_File/driver/rander.o (atan2f)
d:/develop/mounriver_studio/toolchain/risc-v embedded gcc/bin/../lib/gcc/riscv-none-embed/8.2.0/../../../../riscv-none-embed/lib/rv32imacxw/ilp32\libm.a(lib_a-wf_sqrt.o)
                              ./General_File/driver/mpu.o (sqrtf)
d:/develop/mounriver_studio/toolchain/risc-v embedded gcc/bin/../lib/gcc/riscv-none-embed/8.2.0/../../../../riscv-none-embed/lib/rv32imacxw/ilp32\libm.a(lib_a-ef_acos.o)
                              d:/develop/mounriver_studio/toolchain/risc-v embedded gcc/bin/../lib/gcc/riscv-none-embed/8.2.0/../../../../riscv-none-embed/lib/rv32imacxw/ilp32\libm.a(lib_a-wf_acos.o) (__ieee754_acosf)
d:/develop/mounriver_studio/toolchain/risc-v embedded gcc/bin/../lib/gcc/riscv-none-embed/8.2.0/../../../../riscv-none-embed/lib/rv32imacxw/ilp32\libm.a(lib_a-ef_atan2.o)
                              d:/develop/mounriver_studio/toolchain/risc-v embedded gcc/bin/../lib/gcc/riscv-none-embed/8.2.0/../../../../riscv-none-embed/lib/rv32imacxw/ilp32\libm.a(lib_a-wf_atan2.o) (__ieee754_atan2f)
d:/develop/mounriver_studio/toolchain/risc-v embedded gcc/bin/../lib/gcc/riscv-none-embed/8.2.0/../../../../riscv-none-embed/lib/rv32imacxw/ilp32\libm.a(lib_a-ef_sqrt.o)
                              d:/develop/mounriver_studio/toolchain/risc-v embedded gcc/bin/../lib/gcc/riscv-none-embed/8.2.0/../../../../riscv-none-embed/lib/rv32imacxw/ilp32\libm.a(lib_a-wf_sqrt.o) (__ieee754_sqrtf)
d:/develop/mounriver_studio/toolchain/risc-v embedded gcc/bin/../lib/gcc/riscv-none-embed/8.2.0/../../../../riscv-none-embed/lib/rv32imacxw/ilp32\libm.a(lib_a-s_lib_ver.o)
                              d:/develop/mounriver_studio/toolchain/risc-v embedded gcc/bin/../lib/gcc/riscv-none-embed/8.2.0/../../../../riscv-none-embed/lib/rv32imacxw/ilp32\libm.a(lib_a-wf_acos.o) (__fdlib_version)
d:/develop/mounriver_studio/toolchain/risc-v embedded gcc/bin/../lib/gcc/riscv-none-embed/8.2.0/../../../../riscv-none-embed/lib/rv32imacxw/ilp32\libm.a(lib_a-s_matherr.o)
                              d:/develop/mounriver_studio/toolchain/risc-v embedded gcc/bin/../lib/gcc/riscv-none-embed/8.2.0/../../../../riscv-none-embed/lib/rv32imacxw/ilp32\libm.a(lib_a-wf_acos.o) (matherr)
d:/develop/mounriver_studio/toolchain/risc-v embedded gcc/bin/../lib/gcc/riscv-none-embed/8.2.0/../../../../riscv-none-embed/lib/rv32imacxw/ilp32\libm.a(lib_a-s_nan.o)
                              d:/develop/mounriver_studio/toolchain/risc-v embedded gcc/bin/../lib/gcc/riscv-none-embed/8.2.0/../../../../riscv-none-embed/lib/rv32imacxw/ilp32\libm.a(lib_a-wf_acos.o) (nan)
d:/develop/mounriver_studio/toolchain/risc-v embedded gcc/bin/../lib/gcc/riscv-none-embed/8.2.0/../../../../riscv-none-embed/lib/rv32imacxw/ilp32\libm.a(lib_a-sf_atan.o)
                              d:/develop/mounriver_studio/toolchain/risc-v embedded gcc/bin/../lib/gcc/riscv-none-embed/8.2.0/../../../../riscv-none-embed/lib/rv32imacxw/ilp32\libm.a(lib_a-ef_atan2.o) (atanf)
d:/develop/mounriver_studio/toolchain/risc-v embedded gcc/bin/../lib/gcc/riscv-none-embed/8.2.0/../../../../riscv-none-embed/lib/rv32imacxw/ilp32\libm.a(lib_a-sf_fabs.o)
                              d:/develop/mounriver_studio/toolchain/risc-v embedded gcc/bin/../lib/gcc/riscv-none-embed/8.2.0/../../../../riscv-none-embed/lib/rv32imacxw/ilp32\libm.a(lib_a-wf_acos.o) (fabsf)
d:/develop/mounriver_studio/toolchain/risc-v embedded gcc/bin/../lib/gcc/riscv-none-embed/8.2.0/rv32imacxw/ilp32\libgcc.a(divdf3.o)
                              d:/develop/mounriver_studio/toolchain/risc-v embedded gcc/bin/../lib/gcc/riscv-none-embed/8.2.0/../../../../riscv-none-embed/lib/rv32imacxw/ilp32\libm.a(lib_a-wf_sqrt.o) (__divdf3)
d:/develop/mounriver_studio/toolchain/risc-v embedded gcc/bin/../lib/gcc/riscv-none-embed/8.2.0/rv32imacxw/ilp32\libgcc.a(muldf3.o)
                              ./General_File/driver/mpu.o (__muldf3)
d:/develop/mounriver_studio/toolchain/risc-v embedded gcc/bin/../lib/gcc/riscv-none-embed/8.2.0/rv32imacxw/ilp32\libgcc.a(addsf3.o)
                              ./General_File/driver/rander.o (__addsf3)
d:/develop/mounriver_studio/toolchain/risc-v embedded gcc/bin/../lib/gcc/riscv-none-embed/8.2.0/rv32imacxw/ilp32\libgcc.a(divsf3.o)
                              ./General_File/driver/mpu.o (__divsf3)
d:/develop/mounriver_studio/toolchain/risc-v embedded gcc/bin/../lib/gcc/riscv-none-embed/8.2.0/rv32imacxw/ilp32\libgcc.a(gesf2.o)
                              ./General_File/driver/asr.o (__gesf2)
[...]
Memory Configuration

Name             Origin             Length             Attributes
FLASH            0x0000000000000000 0x0000000000048000 xr
RAM              0x0000000020000000 0x0000000000008000 xrw
*default*        0x0000000000000000 0xffffffffffffffff

Linker script and memory map

LOAD ./User/ch32v30x_it.o
LOAD ./User/main.o
LOAD ./User/system_ch32v30x.o
LOAD ./Startup/startup_ch32v30x_D8C.o
LOAD ./Peripheral/src/ch32v30x_adc.o
LOAD ./Peripheral/src/ch32v30x_bkp.o
LOAD ./Peripheral/src/ch32v30x_can.o
LOAD ./Peripheral/src/ch32v30x_crc.o
LOAD ./Peripheral/src/ch32v30x_dac.o
LOAD ./Peripheral/src/ch32v30x_dbgmcu.o
LOAD ./Peripheral/src/ch32v30x_dma.o
LOAD ./Peripheral/src/ch32v30x_dvp.o
LOAD ./Peripheral/src/ch32v30x_eth.o
LOAD ./Peripheral/src/ch32v30x_exti.o
LOAD ./Peripheral/src/ch32v30x_flash.o
LOAD ./Peripheral/src/ch32v30x_fsmc.o
LOAD ./Peripheral/src/ch32v30x_gpio.o
LOAD ./Peripheral/src/ch32v30x_i2c.o
LOAD ./Peripheral/src/ch32v30x_iwdg.o
LOAD ./Peripheral/src/ch32v30x_misc.o
LOAD ./Peripheral/src/ch32v30x_opa.o
LOAD ./Peripheral/src/ch32v30x_pwr.o
LOAD ./Peripheral/src/ch32v30x_rcc.o
LOAD ./Peripheral/src/ch32v30x_rng.o
LOAD ./Peripheral/src/ch32v30x_rtc.o
LOAD ./Peripheral/src/ch32v30x_sdio.o
LOAD ./Peripheral/src/ch32v30x_spi.o
LOAD ./Peripheral/src/ch32v30x_tim.o
LOAD ./Peripheral/src/ch32v30x_usart.o
LOAD ./Peripheral/src/ch32v30x_wwdg.o
LOAD ./General_File/driver/Air780e.o
LOAD ./General_File/driver/OLED.o
LOAD ./General_File/driver/asr.o
LOAD ./General_File/driver/mpu.o
LOAD ./General_File/driver/rander.o
LOAD ./General_File/init.o
LOAD ./General_File/interrupt.o
LOAD ./General_File/system.o
LOAD ./Debug/debug.o
LOAD ./Core/core_riscv.o
LOAD d:/develop/mounriver_studio/toolchain/risc-v embedded gcc/bin/../lib/gcc/riscv-none-embed/8.2.0/../../../../riscv-none-embed/lib/rv32imacxw/ilp32\libm.a
LOAD d:/develop/mounriver_studio/toolchain/risc-v embedded gcc/bin/../lib/gcc/riscv-none-embed/8.2.0/rv32imacxw/ilp32\libgcc.a
LOAD d:/develop/mounriver_studio/toolchain/risc-v embedded gcc/bin/../lib/gcc/riscv-none-embed/8.2.0/../../../../riscv-none-embed/lib/rv32imacxw/ilp32\libg_nano.a
LOAD d:/develop/mounriver_studio/toolchain/risc-v embedded gcc/bin/../lib/gcc/riscv-none-embed/8.2.0/../../../../riscv-none-embed/lib/rv32imacxw/ilp32\libc_nano.a
LOAD d:/develop/mounriver_studio/toolchain/risc-v embedded gcc/bin/../lib/gcc/riscv-none-embed/8.2.0/rv32imacxw/ilp32\libgcc.a
START GROUP
LOAD d:/develop/mounriver_studio/toolchain/risc-v embedded gcc/bin/../lib/gcc/riscv-none-embed/8.2.0/rv32imacxw/ilp32\libgcc.a
LOAD d:/develop/mounriver_studio/toolchain/risc-v embedded gcc/bin/../lib/gcc/riscv-none-embed/8.2.0/../../../../riscv-none-embed/lib/rv32imacxw/ilp32\libc_nano.a
LOAD d:/develop/mounriver_studio/toolchain/risc-v embedded gcc/bin/../lib/gcc/riscv-none-embed/8.2.0/../../../../riscv-none-embed/lib/rv32imacxw/ilp32\libnosys.a
END GROUP
START GROUP
LOAD d:/develop/mounriver_studio/toolchain/risc-v embedded gcc/bin/../lib/gcc/riscv-none-embed/8.2.0/rv32imacxw/ilp32\libgcc.a
LOAD d:/develop/mounriver_studio/toolchain/risc-v embedded gcc/bin/../lib/gcc/riscv-none-embed/8.2.0/../../../../riscv-none-embed/lib/rv32imacxw/ilp32\libc_nano.a
LOAD d:/develop/mounriver_studio/toolchain/risc-v embedded gcc/bin/../lib/gcc/riscv-none-embed/8.2.0/../../../../riscv-none-embed/lib/rv32imacxw/ilp32\libnosys.a
END GROUP
                0x0000000000000800                __stack_size = 0x800
                [!provide]                        PROVIDE (_stack_size = __stack_size)

.init           0x0000000000000000        0x4
                0x0000000000000000                _sinit = .
                0x0000000000000000                . = ALIGN (0x4)
 *(SORT_NONE(.init))
 .init          0x0000000000000000        0x4 ./Startup/startup_ch32v30x_D8C.o
                0x0000000000000000                _start
                0x0000000000000004                . = ALIGN (0x4)
                0x0000000000000004                _einit = .

.vector         0x0000000000000004      0x1bc
 *(.vector)
 .vector        0x0000000000000004      0x1a0 ./Startup/startup_ch32v30x_D8C.o
                0x00000000000001c0                . = ALIGN (0x40)
 *fill*         0x00000000000001a4       0x1c 

.text           0x00000000000001c0     0xbc8c
                0x00000000000001c0                . = ALIGN (0x4)
 *(.text)
 .text          0x00000000000001c0       0xa8 d:/develop/mounriver_studio/toolchain/risc-v embedded gcc/bin/../lib/gcc/riscv-none-embed/8.2.0/../../../../riscv-none-embed/lib/rv32imacxw/ilp32\libg_nano.a(lib_a-memset.o)
                0x00000000000001c0                memset
 *(.text.*)
 .text.NMI_Handler
                0x0000000000000268        0x8 ./User/ch32v30x_it.o
                0x0000000000000268                NMI_Handler
 .text.HardFault_Handler
                0x0000000000000270       0x16 ./User/ch32v30x_it.o
                0x0000000000000270                HardFault_Handler
 .text.main     0x0000000000000286       0x5a ./User/main.o
                0x0000000000000286                main
 .text.SystemInit
                0x00000000000002e0       0x98 ./User/system_ch32v30x.o
                0x00000000000002e0                SystemInit
 .text.SystemCoreClockUpdate
                0x0000000000000378      0x2b4 ./User/system_ch32v30x.o
                0x0000000000000378                SystemCoreClockUpdate
 .text.SetSysClock
                0x000000000000062c       0x14 ./User/system_ch32v30x.o
 .text.SetSysClockTo96_HSE
                0x0000000000000640      0x114 ./User/system_ch32v30x.o
 .text.vector_handler
                0x0000000000000754        0x2 ./Startup/startup_ch32v30x_D8C.o
                0x0000000000000754                EXTI2_IRQHandler
                0x0000000000000754                TIM8_TRG_COM_IRQHandler
                0x0000000000000754                TIM8_CC_IRQHandler
                0x0000000000000754                UART8_IRQHandler
                0x0000000000000754                TIM1_CC_IRQHandler
                0x0000000000000754                TIM6_IRQHandler
                0x0000000000000754                SysTick_Handler
                0x0000000000000754                PVD_IRQHandler
                0x0000000000000754                SDIO_IRQHandler
                0x0000000000000754                TIM9_BRK_IRQHandler
                0x0000000000000754                DMA2_Channel8_IRQHandler
                0x0000000000000754                CAN2_RX1_IRQHandler
                0x0000000000000754                EXTI3_IRQHandler
                0x0000000000000754                USBHS_IRQHandler
                0x0000000000000754                DMA2_Channel9_IRQHandler
                0x0000000000000754                TIM10_CC_IRQHandler
                0x0000000000000754                USBFS_IRQHandler
                0x0000000000000754                EXTI0_IRQHandler
                0x0000000000000754                I2C2_EV_IRQHandler
                0x0000000000000754                TIM10_TRG_COM_IRQHandler
                0x0000000000000754                CAN2_SCE_IRQHandler
                0x0000000000000754                ADC1_2_IRQHandler
                0x0000000000000754                Break_Point_Handler
                0x0000000000000754                SPI1_IRQHandler
                0x0000000000000754                TAMPER_IRQHandler
                0x0000000000000754                CAN2_RX0_IRQHandler
                0x0000000000000754                TIM8_UP_IRQHandler
                0x0000000000000754                Ecall_M_Mode_Handler
                0x0000000000000754                DMA2_Channel2_IRQHandler
                0x0000000000000754                DMA1_Channel4_IRQHandler
                0x0000000000000754                TIM9_UP_IRQHandler
                0x0000000000000754                USART3_IRQHandler
                0x0000000000000754                RTC_IRQHandler
                0x0000000000000754                DMA1_Channel7_IRQHandler
                0x0000000000000754                CAN1_RX1_IRQHandler
                0x0000000000000754                DVP_IRQHandler
                0x0000000000000754                UART5_IRQHandler
                0x0000000000000754                TIM4_IRQHandler
                0x0000000000000754                DMA2_Channel1_IRQHandler
                0x0000000000000754                I2C1_EV_IRQHandler
                0x0000000000000754                DMA1_Channel6_IRQHandler
                0x0000000000000754                DMA2_Channel4_IRQHandler
                0x0000000000000754                TIM3_IRQHandler
                0x0000000000000754                RCC_IRQHandler
                0x0000000000000754                TIM1_TRG_COM_IRQHandler
                0x0000000000000754                DMA1_Channel1_IRQHandler
                0x0000000000000754                DMA2_Channel7_IRQHandler
                0x0000000000000754                EXTI15_10_IRQHandler
                0x0000000000000754                TIM7_IRQHandler
                0x0000000000000754                CAN2_TX_IRQHandler
                0x0000000000000754                TIM5_IRQHandler
                0x0000000000000754                EXTI9_5_IRQHandler
                0x0000000000000754                ETH_WKUP_IRQHandler
                0x0000000000000754                SPI2_IRQHandler
                0x0000000000000754                TIM10_BRK_IRQHandler
                0x0000000000000754                TIM9_CC_IRQHandler
                0x0000000000000754                DMA2_Channel5_IRQHandler
                0x0000000000000754                DMA1_Channel5_IRQHandler
                0x0000000000000754                EXTI4_IRQHandler
                0x0000000000000754                USB_LP_CAN1_RX0_IRQHandler
                0x0000000000000754                RNG_IRQHandler
                0x0000000000000754                USB_HP_CAN1_TX_IRQHandler
                0x0000000000000754                DMA1_Channel3_IRQHandler
                0x0000000000000754                ETH_IRQHandler
                0x0000000000000754                TIM1_UP_IRQHandler
                0x0000000000000754                WWDG_IRQHandler
                0x0000000000000754                USBHSWakeup_IRQHandler
                0x0000000000000754                DMA2_Channel11_IRQHandler
                0x0000000000000754                Ecall_U_Mode_Handler
                0x0000000000000754                DMA2_Channel6_IRQHandler
                0x0000000000000754                SW_Handler
                0x0000000000000754                TIM1_BRK_IRQHandler
                0x0000000000000754                DMA2_Channel10_IRQHandler
                0x0000000000000754                EXTI1_IRQHandler
                0x0000000000000754                RTCAlarm_IRQHandler
                0x0000000000000754                TIM10_UP_IRQHandler
                0x0000000000000754                TIM9_TRG_COM_IRQHandler
                0x0000000000000754                UART7_IRQHandler
                0x0000000000000754                UART6_IRQHandler
                0x0000000000000754                I2C2_ER_IRQHandler
                0x0000000000000754                DMA1_Channel2_IRQHandler
                0x0000000000000754                TIM8_BRK_IRQHandler
                0x0000000000000754                CAN1_SCE_IRQHandler
                0x0000000000000754                FLASH_IRQHandler
                0x0000000000000754                SPI3_IRQHandler
                0x0000000000000754                I2C1_ER_IRQHandler
                0x0000000000000754                USBWakeUp_IRQHandler
                0x0000000000000754                DMA2_Channel3_IRQHandler
 .text.handle_reset
                0x0000000000000756       0x8a ./Startup/startup_ch32v30x_D8C.o
                0x0000000000000756                handle_reset
 .text.DBGMCU_GetCHIPID
                0x00000000000007e0       0x18 ./Peripheral/src/ch32v30x_dbgmcu.o
                0x00000000000007e0                DBGMCU_GetCHIPID
 .text.GPIO_Init
                0x00000000000007f8      0x222 ./Peripheral/src/ch32v30x_gpio.o
                0x00000000000007f8                GPIO_Init
 .text.GPIO_ReadInputDataBit
                0x0000000000000a1a       0x3a ./Peripheral/src/ch32v30x_gpio.o
                0x0000000000000a1a                GPIO_ReadInputDataBit
 .text.GPIO_SetBits
                0x0000000000000a54       0x22 ./Peripheral/src/ch32v30x_gpio.o
                0x0000000000000a54                GPIO_SetBits
 .text.GPIO_ResetBits
                0x0000000000000a76       0x22 ./Peripheral/src/ch32v30x_gpio.o
                0x0000000000000a76                GPIO_ResetBits
 .text.GPIO_WriteBit
                0x0000000000000a98       0x38 ./Peripheral/src/ch32v30x_gpio.o
                0x0000000000000a98                GPIO_WriteBit
 .text.I2C_Init
                0x0000000000000ad0      0x22e ./Peripheral/src/ch32v30x_i2c.o
                0x0000000000000ad0                I2C_Init
 .text.I2C_Cmd  0x0000000000000cfe       0x50 ./Peripheral/src/ch32v30x_i2c.o
                0x0000000000000cfe                I2C_Cmd
 .text.I2C_GenerateSTART
                0x0000000000000d4e       0x52 ./Peripheral/src/ch32v30x_i2c.o
                0x0000000000000d4e                I2C_GenerateSTART
 .text.I2C_GenerateSTOP
                0x0000000000000da0       0x52 ./Peripheral/src/ch32v30x_i2c.o
                0x0000000000000da0                I2C_GenerateSTOP
 .text.I2C_AcknowledgeConfig
                0x0000000000000df2       0x52 ./Peripheral/src/ch32v30x_i2c.o
                0x0000000000000df2                I2C_AcknowledgeConfig
 .text.I2C_SendData
                0x0000000000000e44       0x28 ./Peripheral/src/ch32v30x_i2c.o
                0x0000000000000e44                I2C_SendData
 .text.I2C_ReceiveData
                0x0000000000000e6c       0x20 ./Peripheral/src/ch32v30x_i2c.o
                0x0000000000000e6c                I2C_ReceiveData
 .text.I2C_Send7bitAddress
                0x0000000000000e8c       0x4e ./Peripheral/src/ch32v30x_i2c.o
                0x0000000000000e8c                I2C_Send7bitAddress
 .text.I2C_CheckEvent
                0x0000000000000eda       0x84 ./Peripheral/src/ch32v30x_i2c.o
                0x0000000000000eda                I2C_CheckEvent
 .text.I2C_GetFlagStatus
                0x0000000000000f5e       0x88 ./Peripheral/src/ch32v30x_i2c.o
                0x0000000000000f5e                I2C_GetFlagStatus
 .text.I2C_ClearFlag
                0x0000000000000fe6       0x42 ./Peripheral/src/ch32v30x_i2c.o
                0x0000000000000fe6                I2C_ClearFlag
 .text.NVIC_PriorityGroupConfig
                0x0000000000001028       0x1a ./Peripheral/src/ch32v30x_misc.o
                0x0000000000001028                NVIC_PriorityGroupConfig
 .text.NVIC_Init
                0x0000000000001042       0xd0 ./Peripheral/src/ch32v30x_misc.o
                0x0000000000001042                NVIC_Init
 .text.RCC_GetClocksFreq
                0x0000000000001112      0x38e ./Peripheral/src/ch32v30x_rcc.o
                0x0000000000001112                RCC_GetClocksFreq
 .text.RCC_APB2PeriphClockCmd
                0x00000000000014a0       0x46 ./Peripheral/src/ch32v30x_rcc.o
                0x00000000000014a0                RCC_APB2PeriphClockCmd
 .text.RCC_APB1PeriphClockCmd
                0x00000000000014e6       0x46 ./Peripheral/src/ch32v30x_rcc.o
                0x00000000000014e6                RCC_APB1PeriphClockCmd
 .text.TIM_TimeBaseInit
                0x000000000000152c      0x168 ./Peripheral/src/ch32v30x_tim.o
                0x000000000000152c                TIM_TimeBaseInit
 .text.TIM_Cmd  0x0000000000001694       0x50 ./Peripheral/src/ch32v30x_tim.o
                0x0000000000001694                TIM_Cmd
 .text.TIM_ITConfig
                0x00000000000016e4       0x68 ./Peripheral/src/ch32v30x_tim.o
                0x00000000000016e4                TIM_ITConfig
 .text.TIM_GetITStatus
                0x000000000000174c       0x6c ./Peripheral/src/ch32v30x_tim.o
                0x000000000000174c                TIM_GetITStatus
 .text.TIM_ClearITPendingBit
                0x00000000000017b8       0x2c ./Peripheral/src/ch32v30x_tim.o
                0x00000000000017b8                TIM_ClearITPendingBit
 .text.USART_Init
                0x00000000000017e4      0x1b4 ./Peripheral/src/ch32v30x_usart.o
                0x00000000000017e4                USART_Init
 .text.USART_Cmd
                0x0000000000001998       0x58 ./Peripheral/src/ch32v30x_usart.o
                0x0000000000001998                USART_Cmd
 .text.USART_ITConfig
                0x00000000000019f0       0xc4 ./Peripheral/src/ch32v30x_usart.o
                0x00000000000019f0                USART_ITConfig
 .text.USART_SendData
                0x0000000000001ab4       0x2c ./Peripheral/src/ch32v30x_usart.o
                0x0000000000001ab4                USART_SendData
 .text.USART_ReceiveData
                0x0000000000001ae0       0x24 ./Peripheral/src/ch32v30x_usart.o
                0x0000000000001ae0                USART_ReceiveData
 .text.USART_GetFlagStatus
                0x0000000000001b04       0x44 ./Peripheral/src/ch32v30x_usart.o
                0x0000000000001b04                USART_GetFlagStatus
 .text.USART_ClearFlag
                0x0000000000001b48       0x2c ./Peripheral/src/ch32v30x_usart.o
                0x0000000000001b48                USART_ClearFlag
 .text.USART_GetITStatus
                0x0000000000001b74       0xfa ./Peripheral/src/ch32v30x_usart.o
                0x0000000000001b74                USART_GetITStatus
 .text.USART_ClearITPendingBit
                0x0000000000001c6e       0x4c ./Peripheral/src/ch32v30x_usart.o
                0x0000000000001c6e                USART_ClearITPendingBit
 .text.message_send
                0x0000000000001cba       0xbe ./General_File/driver/Air780e.o
                0x0000000000001cba                message_send
 .text.OLED_I2C_Init
                0x0000000000001d78       0x82 ./General_File/driver/OLED.o
                0x0000000000001d78                OLED_I2C_Init
 .text.OLED_I2C_Start
                0x0000000000001dfa       0x5e ./General_File/driver/OLED.o
                0x0000000000001dfa                OLED_I2C_Start
 .text.OLED_I2C_Stop
                0x0000000000001e58       0x4a ./General_File/driver/OLED.o
                0x0000000000001e58                OLED_I2C_Stop
 .text.OLED_I2C_SendByte
                0x0000000000001ea2       0xae ./General_File/driver/OLED.o
                0x0000000000001ea2                OLED_I2C_SendByte
 .text.OLED_WriteCommand
                0x0000000000001f50       0x2e ./General_File/driver/OLED.o
                0x0000000000001f50                OLED_WriteCommand
 .text.OLED_WriteData
                0x0000000000001f7e       0x30 ./General_File/driver/OLED.o
                0x0000000000001f7e                OLED_WriteData
 .text.OLED_SetCursor
                0x0000000000001fae       0x54 ./General_File/driver/OLED.o
                0x0000000000001fae                OLED_SetCursor
 .text.OLED_Clear
                0x0000000000002002       0x52 ./General_File/driver/OLED.o
                0x0000000000002002                OLED_Clear
 .text.OLED_ShowChar
                0x0000000000002054      0x118 ./General_File/driver/OLED.o
                0x0000000000002054                OLED_ShowChar
 .text.OLED_ShowString
                0x000000000000216c       0x6c ./General_File/driver/OLED.o
                0x000000000000216c                OLED_ShowString
 .text.OLED_Init
                0x00000000000021d8       0xd2 ./General_File/driver/OLED.o
                0x00000000000021d8                OLED_Init
 .text.float_to_bytes
                0x00000000000022aa       0x9a ./General_File/driver/asr.o
                0x00000000000022aa                float_to_bytes
 .text.dataRes  0x0000000000002344       0xd4 ./General_File/driver/asr.o
                0x0000000000002344                dataRes
 .text.angSend  0x0000000000002418       0x72 ./General_File/driver/asr.o
                0x0000000000002418                angSend
 .text.disSend  0x000000000000248a       0x72 ./General_File/driver/asr.o
                0x000000000000248a                disSend
 .text.SendTargetId
                0x00000000000024fc       0x76 ./General_File/driver/asr.o
                0x00000000000024fc                SendTargetId
 .text.Warn_Init
                0x0000000000002572       0x48 ./General_File/driver/asr.o
                0x0000000000002572                Warn_Init
 .text.Warn_Check
                0x00000000000025ba      0x2ae ./General_File/driver/asr.o
                0x00000000000025ba                Warn_Check
 .text.fall_send
                0x0000000000002868       0x72 ./General_File/driver/asr.o
                0x0000000000002868                fall_send
 .text.fallsend_pre
                0x00000000000028da       0x32 ./General_File/driver/asr.o
                0x00000000000028da                fallsend_pre
 .text.fallsend_cancel
                0x000000000000290c       0x26 ./General_File/driver/asr.o
                0x000000000000290c                fallsend_cancel
 .text.Delay    0x0000000000002932       0x24 ./General_File/driver/mpu.o
                0x0000000000002932                Delay
 .text.I2C_RecoverBus
                0x0000000000002956      0x138 ./General_File/driver/mpu.o
                0x0000000000002956                I2C_RecoverBus
 .text.fallcheck
                0x0000000000002a8e      0x168 ./General_File/driver/mpu.o
                0x0000000000002a8e                fallcheck
 .text.calculate_angle
                0x0000000000002bf6      0x10c ./General_File/driver/mpu.o
                0x0000000000002bf6                calculate_angle
 .text.MyI2C_WriteRegister
                0x0000000000002d02      0x1fe ./General_File/driver/mpu.o
                0x0000000000002d02                MyI2C_WriteRegister
 .text.MPU6050_Init
                0x0000000000002f00       0x1e ./General_File/driver/mpu.o
                0x0000000000002f00                MPU6050_Init
 .text.MPU6050_ReadAccelGyro
                0x0000000000002f1e      0x44c ./General_File/driver/mpu.o
                0x0000000000002f1e                MPU6050_ReadAccelGyro
 .text.CartesianToPolar
                0x000000000000336a       0xc8 ./General_File/driver/rander.o
                0x000000000000336a                CartesianToPolar
 .text.xy_pro   0x0000000000003432       0x92 ./General_File/driver/rander.o
                0x0000000000003432                xy_pro
 .text.speed_pro
                0x00000000000034c4       0x8c ./General_File/driver/rander.o
                0x00000000000034c4                speed_pro
 .text.dist_pro
                0x0000000000003550       0x46 ./General_File/driver/rander.o
                0x0000000000003550                dist_pro
 .text.parse_frame_data
                0x0000000000003596      0x176 ./General_File/driver/rander.o
                0x0000000000003596                parse_frame_data
 .text.change_decmode
                0x000000000000370c       0x90 ./General_File/driver/rander.o
                0x000000000000370c                change_decmode
 .text.RCC_Configuration
                0x000000000000379c       0x2c ./General_File/init.o
                0x000000000000379c                RCC_Configuration
 .text.USART_Init_Single
                0x00000000000037c8       0xa4 ./General_File/init.o
                0x00000000000037c8                USART_Init_Single
 .text.I2C_Init_Single
                0x000000000000386c       0xa6 ./General_File/init.o
                0x000000000000386c                I2C_Init_Single
 .text.TIM_Base_Init
                0x0000000000003912       0x54 ./General_File/init.o
                0x0000000000003912                TIM_Base_Init
 .text.USART1_IRQHandler
                0x0000000000003966       0xc2 ./General_File/interrupt.o
                0x0000000000003966                USART1_IRQHandler
 .text.USART2_IRQHandler
                0x0000000000003a28       0x94 ./General_File/interrupt.o
                0x0000000000003a28                USART2_IRQHandler
 .text.UART4_IRQHandler
                0x0000000000003abc       0x9a ./General_File/interrupt.o
                0x0000000000003abc                UART4_IRQHandler
 .text.TIM2_IRQHandler
                0x0000000000003b56       0x84 ./General_File/interrupt.o
                0x0000000000003b56                TIM2_IRQHandler
 .text.get_sys_time
                0x0000000000003bda       0x18 ./General_File/interrupt.o
                0x0000000000003bda                get_sys_time
 .text.USARTx_SendByte
                0x0000000000003bf2       0x40 ./General_File/system.o
                0x0000000000003bf2                USARTx_SendByte
 .text.USARTx_SendString
                0x0000000000003c32       0x44 ./General_File/system.o
                0x0000000000003c32                USARTx_SendString
 .text.System_Init
                0x0000000000003c76      0x1cc ./General_File/system.o
                0x0000000000003c76                System_Init
 .text.System_Run
                0x0000000000003e42        0xe ./General_File/system.o
                0x0000000000003e42                System_Run
 .text.System_Loop
                0x0000000000003e50      0x30e ./General_File/system.o
                0x0000000000003e50                System_Loop
 .text.Delay_Init
                0x000000000000415e       0x46 ./Debug/debug.o
                0x000000000000415e                Delay_Init
 .text.Delay_Ms
                0x00000000000041a4       0x84 ./Debug/debug.o
                0x00000000000041a4                Delay_Ms
 .text.USART_Printf_Init
                0x0000000000004228       0x86 ./Debug/debug.o
                0x0000000000004228                USART_Printf_Init
 .text._write   0x00000000000042ae       0x7a ./Debug/debug.o
                0x00000000000042ae                _write
 .text._sbrk    0x0000000000004328       0x5a ./Debug/debug.o
                0x0000000000004328                _sbrk
 .text.acosf    0x0000000000004382       0xc2 d:/develop/mounriver_studio/toolchain/risc-v embedded gcc/bin/../lib/gcc/riscv-none-embed/8.2.0/../../../../riscv-none-embed/lib/rv32imacxw/ilp32\libm.a(lib_a-wf_acos.o)
                0x0000000000004382                acosf
 .text.atan2f   0x0000000000004444        0x2 d:/develop/mounriver_studio/toolchain/risc-v embedded gcc/bin/../lib/gcc/riscv-none-embed/8.2.0/../../../../riscv-none-embed/lib/rv32imacxw/ilp32\libm.a(lib_a-wf_atan2.o)
                0x0000000000004444                atan2f
 .text.sqrtf    0x0000000000004446       0xba d:/develop/mounriver_studio/toolchain/risc-v embedded gcc/bin/../lib/gcc/riscv-none-embed/8.2.0/../../../../riscv-none-embed/lib/rv32imacxw/ilp32\libm.a(lib_a-wf_sqrt.o)
                0x0000000000004446                sqrtf
 .text.__ieee754_acosf
                0x0000000000004500      0x414 d:/develop/mounriver_studio/toolchain/risc-v embedded gcc/bin/../lib/gcc/riscv-none-embed/8.2.0/../../../../riscv-none-embed/lib/rv32imacxw/ilp32\libm.a(lib_a-ef_acos.o)
                0x0000000000004500                __ieee754_acosf
 .text.__ieee754_atan2f
                0x0000000000004914      0x192 d:/develop/mounriver_studio/toolchain/risc-v embedded gcc/bin/../lib/gcc/riscv-none-embed/8.2.0/../../../../riscv-none-embed/lib/rv32imacxw/ilp32\libm.a(lib_a-ef_atan2.o)
                0x0000000000004914                __ieee754_atan2f
 .text.__ieee754_sqrtf
                0x0000000000004aa6       0xdc d:/develop/mounriver_studio/toolchain/risc-v embedded gcc/bin/../lib/gcc/riscv-none-embed/8.2.0/../../../../riscv-none-embed/lib/rv32imacxw/ilp32\libm.a(lib_a-ef_sqrt.o)
                0x0000000000004aa6                __ieee754_sqrtf
 .text.matherr  0x0000000000004b82        0x4 d:/develop/mounriver_studio/toolchain/risc-v embedded gcc/bin/../lib/gcc/riscv-none-embed/8.2.0/../../../../riscv-none-embed/lib/rv32imacxw/ilp32\libm.a(lib_a-s_matherr.o)
                0x0000000000004b82                matherr
 .text.nan      0x0000000000004b86        0xe d:/develop/mounriver_studio/toolchain/risc-v embedded gcc/bin/../lib/gcc/riscv-none-embed/8.2.0/../../../../riscv-none-embed/lib/rv32imacxw/ilp32\libm.a(lib_a-s_nan.o)
                0x0000000000004b86                nan
 .text.atanf    0x0000000000004b94      0x288 d:/develop/mounriver_studio/toolchain/risc-v embedded gcc/bin/../lib/gcc/riscv-none-embed/8.2.0/../../../../riscv-none-embed/lib/rv32imacxw/ilp32\libm.a(lib_a-sf_atan.o)
                0x0000000000004b94                atanf
 .text.fabsf    0x0000000000004e1c        0x6 d:/develop/mounriver_studio/toolchain/risc-v embedded gcc/bin/../lib/gcc/riscv-none-embed/8.2.0/../../../../riscv-none-embed/lib/rv32imacxw/ilp32\libm.a(lib_a-sf_fabs.o)
                0x0000000000004e1c                fabsf
 .text.__divdf3
                0x0000000000004e22      0x5b4 d:/develop/mounriver_studio/toolchain/risc-v embedded gcc/bin/../lib/gcc/riscv-none-embed/8.2.0/rv32imacxw/ilp32\libgcc.a(divdf3.o)
                0x0000000000004e22                __divdf3
 .text.__muldf3
                0x00000000000053d6      0x4b8 d:/develop/mounriver_studio/toolchain/risc-v embedded gcc/bin/../lib/gcc/riscv-none-embed/8.2.0/rv32imacxw/ilp32\libgcc.a(muldf3.o)
                0x00000000000053d6                __muldf3
 .text.__addsf3
                0x000000000000588e      0x36a d:/develop/mounriver_studio/toolchain/risc-v embedded gcc/bin/../lib/gcc/riscv-none-embed/8.2.0/rv32imacxw/ilp32\libgcc.a(addsf3.o)
                0x000000000000588e                __addsf3
 .text.__divsf3
                0x0000000000005bf8      0x2b2 d:/develop/mounriver_studio/toolchain/risc-v embedded gcc/bin/../lib/gcc/riscv-none-embed/8.2.0/rv32imacxw/ilp32\libgcc.a(divsf3.o)
                0x0000000000005bf8                __divsf3
 .text.__gesf2  0x0000000000005eaa       0x86 d:/develop/mounriver_studio/toolchain/risc-v embedded gcc/bin/../lib/gcc/riscv-none-embed/8.2.0/rv32imacxw/ilp32\libgcc.a(gesf2.o)
                0x0000000000005eaa                __gesf2
                0x0000000000005eaa                __gtsf2
 .text.__lesf2  0x0000000000005f30       0x8c d:/develop/mounriver_studio/toolchain/risc-v embedded gcc/bin/../lib/gcc/riscv-none-embed/8.2.0/rv32imacxw/ilp32\libgcc.a(lesf2.o)
                0x0000000000005f30                __ltsf2
                0x0000000000005f30                __lesf2
 .text.__mulsf3
                0x0000000000005fbc      0x294 d:/develop/mounriver_studio/toolchain/risc-v embedded gcc/bin/../lib/gcc/riscv-none-embed/8.2.0/rv32imacxw/ilp32\libgcc.a(mulsf3.o)
                0x0000000000005fbc                __mulsf3
 .text.__subsf3
                0x0000000000006250      0x388 d:/develop/mounriver_studio/toolchain/risc-v embedded gcc/bin/../lib/gcc/riscv-none-embed/8.2.0/rv32imacxw/ilp32\libgcc.a(subsf3.o)
                0x0000000000006250                __subsf3
 .text.__unordsf2
                0x00000000000065d8       0x3c d:/develop/mounriver_studio/toolchain/risc-v embedded gcc/bin/../lib/gcc/riscv-none-embed/8.2.0/rv32imacxw/ilp32\libgcc.a(unordsf2.o)
                0x00000000000065d8                __unordsf2
 .text.__floatsisf
                0x0000000000006614       0xc6 d:/develop/mounriver_studio/toolchain/risc-v embedded gcc/bin/../lib/gcc/riscv-none-embed/8.2.0/rv32imacxw/ilp32\libgcc.a(floatsisf.o)
                0x0000000000006614                __floatsisf
 .text.__floatunsisf
                0x00000000000066da       0xce d:/develop/mounriver_studio/toolchain/risc-v embedded gcc/bin/../lib/gcc/riscv-none-embed/8.2.0/rv32imacxw/ilp32\libgcc.a(floatunsisf.o)
                0x00000000000066da                __floatunsisf
 .text.__extendsfdf2
                0x00000000000067a8       0xac d:/develop/mounriver_studio/toolchain/risc-v embedded gcc/bin/../lib/gcc/riscv-none-embed/8.2.0/rv32imacxw/ilp32\libgcc.a(extendsfdf2.o)
                0x00000000000067a8                __extendsfdf2
 .text.__truncdfsf2
                0x0000000000006854      0x16a d:/develop/mounriver_studio/toolchain/risc-v embedded gcc/bin/../lib/gcc/riscv-none-embed/8.2.0/rv32imacxw/ilp32\libgcc.a(truncdfsf2.o)
                0x0000000000006854                __truncdfsf2
 .text.__clzsi2
                0x00000000000069be       0x6e d:/develop/mounriver_studio/toolchain/risc-v embedded gcc/bin/../lib/gcc/riscv-none-embed/8.2.0/rv32imacxw/ilp32\libgcc.a(_clzsi2.o)
                0x00000000000069be                __clzsi2
 .text.__errno  0x0000000000006a2c        0x8 d:/develop/mounriver_studio/toolchain/risc-v embedded gcc/bin/../lib/gcc/riscv-none-embed/8.2.0/../../../../riscv-none-embed/lib/rv32imacxw/ilp32\libg_nano.a(lib_a-errno.o)
                0x0000000000006a2c                __errno
 .text.__cvt    0x0000000000006a34       0xea d:/develop/mounriver_studio/toolchain/risc-v embedded gcc/bin/../lib/gcc/riscv-none-embed/8.2.0/../../../../riscv-none-embed/lib/rv32imacxw/ilp32\libg_nano.a(lib_a-nano-vfprintf_float.o)
                0x0000000000006a34                __cvt
 .text.__exponent
                0x0000000000006b1e       0x84 d:/develop/mounriver_studio/toolchain/risc-v embedded gcc/bin/../lib/gcc/riscv-none-embed/8.2.0/../../../../riscv-none-embed/lib/rv32imacxw/ilp32\libg_nano.a(lib_a-nano-vfprintf_float.o)
                0x0000000000006b1e                __exponent
 .text._printf_float
                0x0000000000006ba2      0x4c4 d:/develop/mounriver_studio/toolchain/risc-v embedded gcc/bin/../lib/gcc/riscv-none-embed/8.2.0/../../../../riscv-none-embed/lib/rv32imacxw/ilp32\libg_nano.a(lib_a-nano-vfprintf_float.o)
                0x0000000000006ba2                _printf_float
 .text._printf_common
                0x0000000000007066      0x10c d:/develop/mounriver_studio/toolchain/risc-v embedded gcc/bin/../lib/gcc/riscv-none-embed/8.2.0/../../../../riscv-none-embed/lib/rv32imacxw/ilp32\libg_nano.a(lib_a-nano-vfprintf_i.o)
                0x0000000000007066                _printf_common
 .text._printf_i
                0x0000000000007172      0x2a4 d:/develop/mounriver_studio/toolchain/risc-v embedded gcc/bin/../lib/gcc/riscv-none-embed/8.2.0/../../../../riscv-none-embed/lib/rv32imacxw/ilp32\libg_nano.a(lib_a-nano-vfprintf_i.o)
                0x0000000000007172                _printf_i
 .text.printf   0x0000000000007416       0x42 d:/develop/mounriver_studio/toolchain/risc-v embedded gcc/bin/../lib/gcc/riscv-none-embed/8.2.0/../../../../riscv-none-embed/lib/rv32imacxw/ilp32\libg_nano.a(lib_a-printf.o)
                0x0000000000007416                iprintf
                0x0000000000007416                printf
 .text._puts_r  0x0000000000007458       0xd8 d:/develop/mounriver_studio/toolchain/risc-v embedded gcc/bin/../lib/gcc/riscv-none-embed/8.2.0/../../../../riscv-none-embed/lib/rv32imacxw/ilp32\libg_nano.a(lib_a-puts.o)
                0x0000000000007458                _puts_r
 .text.puts     0x0000000000007530        0xc d:/develop/mounriver_studio/toolchain/risc-v embedded gcc/bin/../lib/gcc/riscv-none-embed/8.2.0/../../../../riscv-none-embed/lib/rv32imacxw/ilp32\libg_nano.a(lib_a-puts.o)
                0x0000000000007530                puts
 .text.snprintf
                0x000000000000753c       0x6c d:/develop/mounriver_studio/toolchain/risc-v embedded gcc/bin/../lib/gcc/riscv-none-embed/8.2.0/../../../../riscv-none-embed/lib/rv32imacxw/ilp32\libg_nano.a(lib_a-snprintf.o)
                0x000000000000753c                sniprintf
                0x000000000000753c                snprintf
 .text.strlen   0x00000000000075a8       0x12 d:/develop/mounriver_studio/toolchain/risc-v embedded gcc/bin/../lib/gcc/riscv-none-embed/8.2.0/../../../../riscv-none-embed/lib/rv32imacxw/ilp32\libg_nano.a(lib_a-strlen.o)
                0x00000000000075a8                strlen
 .text.__swbuf_r
                0x00000000000075ba       0xc2 d:/develop/mounriver_studio/toolchain/risc-v embedded gcc/bin/../lib/gcc/riscv-none-embed/8.2.0/../../../../riscv-none-embed/lib/rv32imacxw/ilp32\libg_nano.a(lib_a-wbuf.o)
                0x00000000000075ba                __swbuf_r
 .text.__swsetup_r
                0x000000000000767c      0x102 d:/develop/mounriver_studio/toolchain/risc-v embedded gcc/bin/../lib/gcc/riscv-none-embed/8.2.0/../../../../riscv-none-embed/lib/rv32imacxw/ilp32\libg_nano.a(lib_a-wsetup.o)
                0x000000000000767c                __swsetup_r
 .text.quorem   0x000000000000777e      0x13a d:/develop/mounriver_studio/toolchain/risc-v embedded gcc/bin/../lib/gcc/riscv-none-embed/8.2.0/../../../../riscv-none-embed/lib/rv32imacxw/ilp32\libg_nano.a(lib_a-dtoa.o)
 .text._dtoa_r  0x00000000000078b8      0xc16 d:/develop/mounriver_studio/toolchain/risc-v embedded gcc/bin/../lib/gcc/riscv-none-embed/8.2.0/../../../../riscv-none-embed/lib/rv32imacxw/ilp32\libg_nano.a(lib_a-dtoa.o)
                0x00000000000078b8                _dtoa_r
 .text.__sflush_r
                0x00000000000084ce      0x132 d:/develop/mounriver_studio/toolchain/risc-v embedded gcc/bin/../lib/gcc/riscv-none-embed/8.2.0/../../../../riscv-none-embed/lib/rv32imacxw/ilp32\libg_nano.a(lib_a-fflush.o)
                0x00000000000084ce                __sflush_r
 .text._fflush_r
                0x0000000000008600       0x66 d:/develop/mounriver_studio/toolchain/risc-v embedded gcc/bin/../lib/gcc/riscv-none-embed/8.2.0/../../../../riscv-none-embed/lib/rv32imacxw/ilp32\libg_nano.a(lib_a-fflush.o)
                0x0000000000008600                _fflush_r
 .text.std      0x0000000000008666       0x66 d:/develop/mounriver_studio/toolchain/risc-v embedded gcc/bin/../lib/gcc/riscv-none-embed/8.2.0/../../../../riscv-none-embed/lib/rv32imacxw/ilp32\libg_nano.a(lib_a-findfp.o)
 .text._cleanup_r
                0x00000000000086cc        0xa d:/develop/mounriver_studio/toolchain/risc-v embedded gcc/bin/../lib/gcc/riscv-none-embed/8.2.0/../../../../riscv-none-embed/lib/rv32imacxw/ilp32\libg_nano.a(lib_a-findfp.o)
                0x00000000000086cc                _cleanup_r
 .text.__sfmoreglue
                0x00000000000086d6       0x48 d:/develop/mounriver_studio/toolchain/risc-v embedded gcc/bin/../lib/gcc/riscv-none-embed/8.2.0/../../../../riscv-none-embed/lib/rv32imacxw/ilp32\libg_nano.a(lib_a-findfp.o)
                0x00000000000086d6                __sfmoreglue
 .text.__sinit  0x000000000000871e       0x6c d:/develop/mounriver_studio/toolchain/risc-v embedded gcc/bin/../lib/gcc/riscv-none-embed/8.2.0/../../../../riscv-none-embed/lib/rv32imacxw/ilp32\libg_nano.a(lib_a-findfp.o)
                0x000000000000871e                __sinit
 .text.__sfp    0x000000000000878a       0xa0 d:/develop/mounriver_studio/toolchain/risc-v embedded gcc/bin/../lib/gcc/riscv-none-embed/8.2.0/../../../../riscv-none-embed/lib/rv32imacxw/ilp32\libg_nano.a(lib_a-findfp.o)
                0x000000000000878a                __sfp
 .text._fwalk_reent
                0x000000000000882a       0x6a d:/develop/mounriver_studio/toolchain/risc-v embedded gcc/bin/../lib/gcc/riscv-none-embed/8.2.0/../../../../riscv-none-embed/lib/rv32imacxw/ilp32\libg_nano.a(lib_a-fwalk.o)
                0x000000000000882a                _fwalk_reent
 .text._localeconv_r
                0x0000000000008894       0x18 d:/develop/mounriver_studio/toolchain/risc-v embedded gcc/bin/../lib/gcc/riscv-none-embed/8.2.0/../../../../riscv-none-embed/lib/rv32imacxw/ilp32\libg_nano.a(lib_a-localeconv.o)
                0x0000000000008894                _localeconv_r
 .text.__swhatbuf_r
                0x00000000000088ac       0x58 d:/develop/mounriver_studio/toolchain/risc-v embedded gcc/bin/../lib/gcc/riscv-none-embed/8.2.0/../../../../riscv-none-embed/lib/rv32imacxw/ilp32\libg_nano.a(lib_a-makebuf.o)
                0x00000000000088ac                __swhatbuf_r
 .text.__smakebuf_r
                0x0000000000008904       0x94 d:/develop/mounriver_studio/toolchain/risc-v embedded gcc/bin/../lib/gcc/riscv-none-embed/8.2.0/../../../../riscv-none-embed/lib/rv32imacxw/ilp32\libg_nano.a(lib_a-makebuf.o)
                0x0000000000008904                __smakebuf_r
 .text.malloc   0x0000000000008998        0xc d:/develop/mounriver_studio/toolchain/risc-v embedded gcc/bin/../lib/gcc/riscv-none-embed/8.2.0/../../../../riscv-none-embed/lib/rv32imacxw/ilp32\libg_nano.a(lib_a-malloc.o)
                0x0000000000008998                malloc
 .text.memchr   0x00000000000089a4       0x18 d:/develop/mounriver_studio/toolchain/risc-v embedded gcc/bin/../lib/gcc/riscv-none-embed/8.2.0/../../../../riscv-none-embed/lib/rv32imacxw/ilp32\libg_nano.a(lib_a-memchr.o)
                0x00000000000089a4                memchr
 .text.memcpy   0x00000000000089bc       0xb2 d:/develop/mounriver_studio/toolchain/risc-v embedded gcc/bin/../lib/gcc/riscv-none-embed/8.2.0/../../../../riscv-none-embed/lib/rv32imacxw/ilp32\libg_nano.a(lib_a-memcpy.o)
                0x00000000000089bc                memcpy
 .text._Balloc  0x0000000000008a6e       0x88 d:/develop/mounriver_studio/toolchain/risc-v embedded gcc/bin/../lib/gcc/riscv-none-embed/8.2.0/../../../../riscv-none-embed/lib/rv32imacxw/ilp32\libg_nano.a(lib_a-mprec.o)
                0x0000000000008a6e                _Balloc
 .text._Bfree   0x0000000000008af6       0x44 d:/develop/mounriver_studio/toolchain/risc-v embedded gcc/bin/../lib/gcc/riscv-none-embed/8.2.0/../../../../riscv-none-embed/lib/rv32imacxw/ilp32\libg_nano.a(lib_a-mprec.o)
                0x0000000000008af6                _Bfree
 .text.__multadd
                0x0000000000008b3a       0x98 d:/develop/mounriver_studio/toolchain/risc-v embedded gcc/bin/../lib/gcc/riscv-none-embed/8.2.0/../../../../riscv-none-embed/lib/rv32imacxw/ilp32\libg_nano.a(lib_a-mprec.o)
                0x0000000000008b3a                __multadd
 .text.__hi0bits
                0x0000000000008bd2       0x46 d:/develop/mounriver_studio/toolchain/risc-v embedded gcc/bin/../lib/gcc/riscv-none-embed/8.2.0/../../../../riscv-none-embed/lib/rv32imacxw/ilp32\libg_nano.a(lib_a-mprec.o)
                0x0000000000008bd2                __hi0bits
 .text.__lo0bits
                0x0000000000008c18       0x6a d:/develop/mounriver_studio/toolchain/risc-v embedded gcc/bin/../lib/gcc/riscv-none-embed/8.2.0/../../../../riscv-none-embed/lib/rv32imacxw/ilp32\libg_nano.a(lib_a-mprec.o)
                0x0000000000008c18                __lo0bits
 .text.__i2b    0x0000000000008c82       0x1c d:/develop/mounriver_studio/toolchain/risc-v embedded gcc/bin/../lib/gcc/riscv-none-embed/8.2.0/../../../../riscv-none-embed/lib/rv32imacxw/ilp32\libg_nano.a(lib_a-mprec.o)
                0x0000000000008c82                __i2b
 .text.__multiply
                0x0000000000008c9e      0x144 d:/develop/mounriver_studio/toolchain/risc-v embedded gcc/bin/../lib/gcc/riscv-none-embed/8.2.0/../../../../riscv-none-embed/lib/rv32imacxw/ilp32\libg_nano.a(lib_a-mprec.o)
                0x0000000000008c9e                __multiply
 .text.__pow5mult
                0x0000000000008de2       0xbe d:/develop/mounriver_studio/toolchain/risc-v embedded gcc/bin/../lib/gcc/riscv-none-embed/8.2.0/../../../../riscv-none-embed/lib/rv32imacxw/ilp32\libg_nano.a(lib_a-mprec.o)
                0x0000000000008de2                __pow5mult
 .text.__lshift
                0x0000000000008ea0       0xce d:/develop/mounriver_studio/toolchain/risc-v embedded gcc/bin/../lib/gcc/riscv-none-embed/8.2.0/../../../../riscv-none-embed/lib/rv32imacxw/ilp32\libg_nano.a(lib_a-mprec.o)
                0x0000000000008ea0                __lshift
 .text.__mcmp   0x0000000000008f6e       0x32 d:/develop/mounriver_studio/toolchain/risc-v embedded gcc/bin/../lib/gcc/riscv-none-embed/8.2.0/../../../../riscv-none-embed/lib/rv32imacxw/ilp32\libg_nano.a(lib_a-mprec.o)
                0x0000000000008f6e                __mcmp
 .text.__mdiff  0x0000000000008fa0       0xf2 d:/develop/mounriver_studio/toolchain/risc-v embedded gcc/bin/../lib/gcc/riscv-none-embed/8.2.0/../../../../riscv-none-embed/lib/rv32imacxw/ilp32\libg_nano.a(lib_a-mprec.o)
                0x0000000000008fa0                __mdiff
 .text.__d2b    0x0000000000009092       0xd4 d:/develop/mounriver_studio/toolchain/risc-v embedded gcc/bin/../lib/gcc/riscv-none-embed/8.2.0/../../../../riscv-none-embed/lib/rv32imacxw/ilp32\libg_nano.a(lib_a-mprec.o)
                0x0000000000009092                __d2b
 .text._calloc_r
                0x0000000000009166       0x26 d:/develop/mounriver_studio/toolchain/risc-v embedded gcc/bin/../lib/gcc/riscv-none-embed/8.2.0/../../../../riscv-none-embed/lib/rv32imacxw/ilp32\libg_nano.a(lib_a-nano-callocr.o)
                0x0000000000009166                _calloc_r
 .text._free_r  0x000000000000918c       0xa8 d:/develop/mounriver_studio/toolchain/risc-v embedded gcc/bin/../lib/gcc/riscv-none-embed/8.2.0/../../../../riscv-none-embed/lib/rv32imacxw/ilp32\libg_nano.a(lib_a-nano-freer.o)
                0x000000000000918c                _free_r
 .text._malloc_r
                0x0000000000009234       0xd4 d:/develop/mounriver_studio/toolchain/risc-v embedded gcc/bin/../lib/gcc/riscv-none-embed/8.2.0/../../../../riscv-none-embed/lib/rv32imacxw/ilp32\libg_nano.a(lib_a-nano-mallocr.o)
                0x0000000000009234                _malloc_r
 .text.__ssputs_r
                0x0000000000009308       0xe4 d:/develop/mounriver_studio/toolchain/risc-v embedded gcc/bin/../lib/gcc/riscv-none-embed/8.2.0/../../../../riscv-none-embed/lib/rv32imacxw/ilp32\libg_nano.a(lib_a-nano-svfprintf.o)
                0x0000000000009308                __ssputs_r
 .text._svfprintf_r
                0x00000000000093ec      0x268 d:/develop/mounriver_studio/toolchain/risc-v embedded gcc/bin/../lib/gcc/riscv-none-embed/8.2.0/../../../../riscv-none-embed/lib/rv32imacxw/ilp32\libg_nano.a(lib_a-nano-svfprintf.o)
                0x00000000000093ec                _svfiprintf_r
                0x00000000000093ec                _svfprintf_r
 .text.__sfputc_r
                0x0000000000009654       0x28 d:/develop/mounriver_studio/toolchain/risc-v embedded gcc/bin/../lib/gcc/riscv-none-embed/8.2.0/../../../../riscv-none-embed/lib/rv32imacxw/ilp32\libg_nano.a(lib_a-nano-vfprintf.o)
 .text.__sfputs_r
                0x000000000000967c       0x42 d:/develop/mounriver_studio/toolchain/risc-v embedded gcc/bin/../lib/gcc/riscv-none-embed/8.2.0/../../../../riscv-none-embed/lib/rv32imacxw/ilp32\libg_nano.a(lib_a-nano-vfprintf.o)
                0x000000000000967c                __sfputs_r
 .text._vfprintf_r
                0x00000000000096be      0x28c d:/develop/mounriver_studio/toolchain/risc-v embedded gcc/bin/../lib/gcc/riscv-none-embed/8.2.0/../../../../riscv-none-embed/lib/rv32imacxw/ilp32\libg_nano.a(lib_a-nano-vfprintf.o)
                0x00000000000096be                _vfprintf_r
                0x00000000000096be                _vfiprintf_r
 .text._sbrk_r  0x000000000000994a       0x2a d:/develop/mounriver_studio/toolchain/risc-v embedded gcc/bin/../lib/gcc/riscv-none-embed/8.2.0/../../../../riscv-none-embed/lib/rv32imacxw/ilp32\libg_nano.a(lib_a-sbrkr.o)
                0x000000000000994a                _sbrk_r
 .text.__sread  0x0000000000009974       0x2c d:/develop/mounriver_studio/toolchain/risc-v embedded gcc/bin/../lib/gcc/riscv-none-embed/8.2.0/../../../../riscv-none-embed/lib/rv32imacxw/ilp32\libg_nano.a(lib_a-stdio.o)
                0x0000000000009974                __sread
 .text.__swrite
                0x00000000000099a0       0x48 d:/develop/mounriver_studio/toolchain/risc-v embedded gcc/bin/../lib/gcc/riscv-none-embed/8.2.0/../../../../riscv-none-embed/lib/rv32imacxw/ilp32\libg_nano.a(lib_a-stdio.o)
                0x00000000000099a0                __swrite
 .text.__sseek  0x00000000000099e8       0x30 d:/develop/mounriver_studio/toolchain/risc-v embedded gcc/bin/../lib/gcc/riscv-none-embed/8.2.0/../../../../riscv-none-embed/lib/rv32imacxw/ilp32\libg_nano.a(lib_a-stdio.o)
                0x00000000000099e8                __sseek
 .text.__sclose
                0x0000000000009a18        0x6 d:/develop/mounriver_studio/toolchain/risc-v embedded gcc/bin/../lib/gcc/riscv-none-embed/8.2.0/../../../../riscv-none-embed/lib/rv32imacxw/ilp32\libg_nano.a(lib_a-stdio.o)
                0x0000000000009a18                __sclose
 .text._write_r
                0x0000000000009a1e       0x2e d:/develop/mounriver_studio/toolchain/risc-v embedded gcc/bin/../lib/gcc/riscv-none-embed/8.2.0/../../../../riscv-none-embed/lib/rv32imacxw/ilp32\libg_nano.a(lib_a-writer.o)
                0x0000000000009a1e                _write_r
 .text._close_r
                0x0000000000009a4c       0x2a d:/develop/mounriver_studio/toolchain/risc-v embedded gcc/bin/../lib/gcc/riscv-none-embed/8.2.0/../../../../riscv-none-embed/lib/rv32imacxw/ilp32\libg_nano.a(lib_a-closer.o)
                0x0000000000009a4c                _close_r
 .text._fstat_r
                0x0000000000009a76       0x2c d:/develop/mounriver_studio/toolchain/risc-v embedded gcc/bin/../lib/gcc/riscv-none-embed/8.2.0/../../../../riscv-none-embed/lib/rv32imacxw/ilp32\libg_nano.a(lib_a-fstatr.o)
                0x0000000000009a76                _fstat_r
 .text._isatty_r
                0x0000000000009aa2       0x2a d:/develop/mounriver_studio/toolchain/risc-v embedded gcc/bin/../lib/gcc/riscv-none-embed/8.2.0/../../../../riscv-none-embed/lib/rv32imacxw/ilp32\libg_nano.a(lib_a-isattyr.o)
                0x0000000000009aa2                _isatty_r
 .text._lseek_r
                0x0000000000009acc       0x2e d:/develop/mounriver_studio/toolchain/risc-v embedded gcc/bin/../lib/gcc/riscv-none-embed/8.2.0/../../../../riscv-none-embed/lib/rv32imacxw/ilp32\libg_nano.a(lib_a-lseekr.o)
                0x0000000000009acc                _lseek_r
 .text.__ascii_mbtowc
                0x0000000000009afa       0x32 d:/develop/mounriver_studio/toolchain/risc-v embedded gcc/bin/../lib/gcc/riscv-none-embed/8.2.0/../../../../riscv-none-embed/lib/rv32imacxw/ilp32\libg_nano.a(lib_a-mbtowc_r.o)
                0x0000000000009afa                __ascii_mbtowc
 .text.memmove  0x0000000000009b2c       0x46 d:/develop/mounriver_studio/toolchain/risc-v embedded gcc/bin/../lib/gcc/riscv-none-embed/8.2.0/../../../../riscv-none-embed/lib/rv32imacxw/ilp32\libg_nano.a(lib_a-memmove.o)
                0x0000000000009b2c                memmove
 .text.__malloc_lock
                0x0000000000009b72        0x2 d:/develop/mounriver_studio/toolchain/risc-v embedded gcc/bin/../lib/gcc/riscv-none-embed/8.2.0/../../../../riscv-none-embed/lib/rv32imacxw/ilp32\libg_nano.a(lib_a-mlock.o)
                0x0000000000009b72                __malloc_lock
 .text.__malloc_unlock
                0x0000000000009b74        0x2 d:/develop/mounriver_studio/toolchain/risc-v embedded gcc/bin/../lib/gcc/riscv-none-embed/8.2.0/../../../../riscv-none-embed/lib/rv32imacxw/ilp32\libg_nano.a(lib_a-mlock.o)
                0x0000000000009b74                __malloc_unlock
 .text._realloc_r
                0x0000000000009b76       0x58 d:/develop/mounriver_studio/toolchain/risc-v embedded gcc/bin/../lib/gcc/riscv-none-embed/8.2.0/../../../../riscv-none-embed/lib/rv32imacxw/ilp32\libg_nano.a(lib_a-nano-reallocr.o)
                0x0000000000009b76                _realloc_r
 .text._read_r  0x0000000000009bce       0x2e d:/develop/mounriver_studio/toolchain/risc-v embedded gcc/bin/../lib/gcc/riscv-none-embed/8.2.0/../../../../riscv-none-embed/lib/rv32imacxw/ilp32\libg_nano.a(lib_a-readr.o)
                0x0000000000009bce                _read_r
 .text.__ascii_wctomb
                0x0000000000009bfc       0x1e d:/develop/mounriver_studio/toolchain/risc-v embedded gcc/bin/../lib/gcc/riscv-none-embed/8.2.0/../../../../riscv-none-embed/lib/rv32imacxw/ilp32\libg_nano.a(lib_a-wctomb_r.o)
                0x0000000000009bfc                __ascii_wctomb
 .text._malloc_usable_size_r
                0x0000000000009c1a       0x14 d:/develop/mounriver_studio/toolchain/risc-v embedded gcc/bin/../lib/gcc/riscv-none-embed/8.2.0/../../../../riscv-none-embed/lib/rv32imacxw/ilp32\libg_nano.a(lib_a-nano-msizer.o)
                0x0000000000009c1a                _malloc_usable_size_r
 .text.__adddf3
                0x0000000000009c2e      0x730 d:/develop/mounriver_studio/toolchain/risc-v embedded gcc/bin/../lib/gcc/riscv-none-embed/8.2.0/rv32imacxw/ilp32\libgcc.a(adddf3.o)
                0x0000000000009c2e                __adddf3
 .text.__eqdf2  0x000000000000a35e       0x6a d:/develop/mounriver_studio/toolchain/risc-v embedded gcc/bin/../lib/gcc/riscv-none-embed/8.2.0/rv32imacxw/ilp32\libgcc.a(eqdf2.o)
                0x000000000000a35e                __nedf2
                0x000000000000a35e                __eqdf2
 .text.__gedf2  0x000000000000a3c8       0xae d:/develop/mounriver_studio/toolchain/risc-v embedded gcc/bin/../lib/gcc/riscv-none-embed/8.2.0/rv32imacxw/ilp32\libgcc.a(gedf2.o)
                0x000000000000a3c8                __gedf2
                0x000000000000a3c8                __gtdf2
 .text.__ledf2  0x000000000000a476       0xb6 d:/develop/mounriver_studio/toolchain/risc-v embedded gcc/bin/../lib/gcc/riscv-none-embed/8.2.0/rv32imacxw/ilp32\libgcc.a(ledf2.o)
                0x000000000000a476                __ledf2
                0x000000000000a476                __ltdf2
 .text.__subdf3
                0x000000000000a52c      0x73e d:/develop/mounriver_studio/toolchain/risc-v embedded gcc/bin/../lib/gcc/riscv-none-embed/8.2.0/rv32imacxw/ilp32\libgcc.a(subdf3.o)
                0x000000000000a52c                __subdf3
 .text.__unorddf2
                0x000000000000ac6a       0x3c d:/develop/mounriver_studio/toolchain/risc-v embedded gcc/bin/../lib/gcc/riscv-none-embed/8.2.0/rv32imacxw/ilp32\libgcc.a(unorddf2.o)
                0x000000000000ac6a                __unorddf2
 .text.__fixdfsi
                0x000000000000aca6       0x68 d:/develop/mounriver_studio/toolchain/risc-v embedded gcc/bin/../lib/gcc/riscv-none-embed/8.2.0/rv32imacxw/ilp32\libgcc.a(fixdfsi.o)
                0x000000000000aca6                __fixdfsi
 .text.__floatsidf
                0x000000000000ad0e       0x72 d:/develop/mounriver_studio/toolchain/risc-v embedded gcc/bin/../lib/gcc/riscv-none-embed/8.2.0/rv32imacxw/ilp32\libgcc.a(floatsidf.o)
                0x000000000000ad0e                __floatsidf
 .text.__floatunsidf
                0x000000000000ad80       0x68 d:/develop/mounriver_studio/toolchain/risc-v embedded gcc/bin/../lib/gcc/riscv-none-embed/8.2.0/rv32imacxw/ilp32\libgcc.a(floatunsidf.o)
                0x000000000000ad80                __floatunsidf
 .text.__trunctfdf2
                0x000000000000ade8      0x21e d:/develop/mounriver_studio/toolchain/risc-v embedded gcc/bin/../lib/gcc/riscv-none-embed/8.2.0/rv32imacxw/ilp32\libgcc.a(trunctfdf2.o)
                0x000000000000ade8                __trunctfdf2
 .text._close   0x000000000000b006        0xc d:/develop/mounriver_studio/toolchain/risc-v embedded gcc/bin/../lib/gcc/riscv-none-embed/8.2.0/../../../../riscv-none-embed/lib/rv32imacxw/ilp32\libnosys.a(close.o)
                0x000000000000b006                _close
 .text._fstat   0x000000000000b012        0xc d:/develop/mounriver_studio/toolchain/risc-v embedded gcc/bin/../lib/gcc/riscv-none-embed/8.2.0/../../../../riscv-none-embed/lib/rv32imacxw/ilp32\libnosys.a(fstat.o)
                0x000000000000b012                _fstat
 .text._isatty  0x000000000000b01e        0xc d:/develop/mounriver_studio/toolchain/risc-v embedded gcc/bin/../lib/gcc/riscv-none-embed/8.2.0/../../../../riscv-none-embed/lib/rv32imacxw/ilp32\libnosys.a(isatty.o)
                0x000000000000b01e                _isatty
 .text._lseek   0x000000000000b02a        0xc d:/develop/mounriver_studio/toolchain/risc-v embedded gcc/bin/../lib/gcc/riscv-none-embed/8.2.0/../../../../riscv-none-embed/lib/rv32imacxw/ilp32\libnosys.a(lseek.o)
                0x000000000000b02a                _lseek
 .text._read    0x000000000000b036        0xc d:/develop/mounriver_studio/toolchain/risc-v embedded gcc/bin/../lib/gcc/riscv-none-embed/8.2.0/../../../../riscv-none-embed/lib/rv32imacxw/ilp32\libnosys.a(read.o)
                0x000000000000b036                _read
 *(.rodata)
 *fill*         0x000000000000b042        0x2 
 .rodata        0x000000000000b044       0x38 ./User/main.o
 .rodata        0x000000000000b07c       0x4c ./General_File/driver/Air780e.o
 .rodata        0x000000000000b0c8        0xb ./General_File/driver/asr.o
 *fill*         0x000000000000b0d3        0x5 
 .rodata        0x000000000000b0d8       0x20 ./General_File/driver/mpu.o
 .rodata        0x000000000000b0f8       0x18 ./General_File/driver/rander.o
 .rodata        0x000000000000b110       0xae ./General_File/system.o
 *(.rodata*)
 *fill*         0x000000000000b1be        0x2 
 .rodata.OLED_F8x16
                0x000000000000b1c0      0x5f0 ./General_File/driver/OLED.o
                0x000000000000b1c0                OLED_F8x16
 .rodata.dataRes
                0x000000000000b7b0       0x1c ./General_File/driver/asr.o
 .rodata.Warn_Check
                0x000000000000b7cc       0x20 ./General_File/driver/asr.o
 .rodata.USART2_IRQHandler
                0x000000000000b7ec       0x1c ./General_File/interrupt.o
 .rodata.acosf.cst4
                0x000000000000b808        0x4 d:/develop/mounriver_studio/toolchain/risc-v embedded gcc/bin/../lib/gcc/riscv-none-embed/8.2.0/../../../../riscv-none-embed/lib/rv32imacxw/ilp32\libm.a(lib_a-wf_acos.o)
 .rodata.acosf.str1.4
                0x000000000000b80c        0x6 d:/develop/mounriver_studio/toolchain/risc-v embedded gcc/bin/../lib/gcc/riscv-none-embed/8.2.0/../../../../riscv-none-embed/lib/rv32imacxw/ilp32\libm.a(lib_a-wf_acos.o)
                                          0x9 (size before relaxing)
 *fill*         0x000000000000b812        0x2 
 .rodata.sqrtf.str1.4
                0x000000000000b814        0x6 d:/develop/mounriver_studio/toolchain/risc-v embedded gcc/bin/../lib/gcc/riscv-none-embed/8.2.0/../../../../riscv-none-embed/lib/rv32imacxw/ilp32\libm.a(lib_a-wf_sqrt.o)
 *fill*         0x000000000000b81a        0x2 
 .rodata.__ieee754_acosf.cst4
                0x000000000000b81c       0x40 d:/develop/mounriver_studio/toolchain/risc-v embedded gcc/bin/../lib/gcc/riscv-none-embed/8.2.0/../../../../riscv-none-embed/lib/rv32imacxw/ilp32\libm.a(lib_a-ef_acos.o)
                                         0x44 (size before relaxing)
 .rodata.__ieee754_atan2f.cst4
                0x000000000000b85c       0x20 d:/develop/mounriver_studio/toolchain/risc-v embedded gcc/bin/../lib/gcc/riscv-none-embed/8.2.0/../../../../riscv-none-embed/lib/rv32imacxw/ilp32\libm.a(lib_a-ef_atan2.o)
                                         0x28 (size before relaxing)
 *fill*         0x000000000000b87c        0x4 
 .rodata.nan.cst8
                0x000000000000b880        0x8 d:/develop/mounriver_studio/toolchain/risc-v embedded gcc/bin/../lib/gcc/riscv-none-embed/8.2.0/../../../../riscv-none-embed/lib/rv32imacxw/ilp32\libm.a(lib_a-s_nan.o)
 .rodata.atanf.cst4
                0x000000000000b888       0x3c d:/develop/mounriver_studio/toolchain/risc-v embedded gcc/bin/../lib/gcc/riscv-none-embed/8.2.0/../../../../riscv-none-embed/lib/rv32imacxw/ilp32\libm.a(lib_a-sf_atan.o)
                                         0x48 (size before relaxing)
 .rodata.atanhi
                0x000000000000b8c4       0x10 d:/develop/mounriver_studio/toolchain/risc-v embedded gcc/bin/../lib/gcc/riscv-none-embed/8.2.0/../../../../riscv-none-embed/lib/rv32imacxw/ilp32\libm.a(lib_a-sf_atan.o)
 .rodata.atanlo
                0x000000000000b8d4       0x10 d:/develop/mounriver_studio/toolchain/risc-v embedded gcc/bin/../lib/gcc/riscv-none-embed/8.2.0/../../../../riscv-none-embed/lib/rv32imacxw/ilp32\libm.a(lib_a-sf_atan.o)
 .rodata.__divdf3
                0x000000000000b8e4       0x40 d:/develop/mounriver_studio/toolchain/risc-v embedded gcc/bin/../lib/gcc/riscv-none-embed/8.2.0/rv32imacxw/ilp32\libgcc.a(divdf3.o)
 .rodata.__muldf3
                0x000000000000b924       0x40 d:/develop/mounriver_studio/toolchain/risc-v embedded gcc/bin/../lib/gcc/riscv-none-embed/8.2.0/rv32imacxw/ilp32\libgcc.a(muldf3.o)
 .rodata.__divsf3
                0x000000000000b964       0x80 d:/develop/mounriver_studio/toolchain/risc-v embedded gcc/bin/../lib/gcc/riscv-none-embed/8.2.0/rv32imacxw/ilp32\libgcc.a(divsf3.o)
 .rodata.__mulsf3
                0x000000000000b9e4       0x40 d:/develop/mounriver_studio/toolchain/risc-v embedded gcc/bin/../lib/gcc/riscv-none-embed/8.2.0/rv32imacxw/ilp32\libgcc.a(mulsf3.o)
 .rodata.__clz_tab
                0x000000000000ba24      0x100 d:/develop/mounriver_studio/toolchain/risc-v embedded gcc/bin/../lib/gcc/riscv-none-embed/8.2.0/rv32imacxw/ilp32\libgcc.a(_clz.o)
                0x000000000000ba24                __clz_tab
 *fill*         0x000000000000bb24        0x4 
 .rodata._printf_float.cst8
                0x000000000000bb28        0x8 d:/develop/mounriver_studio/toolchain/risc-v embedded gcc/bin/../lib/gcc/riscv-none-embed/8.2.0/../../../../riscv-none-embed/lib/rv32imacxw/ilp32\libg_nano.a(lib_a-nano-vfprintf_float.o)
 .rodata._printf_float.str1.4
                0x000000000000bb30       0x12 d:/develop/mounriver_studio/toolchain/risc-v embedded gcc/bin/../lib/gcc/riscv-none-embed/8.2.0/../../../../riscv-none-embed/lib/rv32imacxw/ilp32\libg_nano.a(lib_a-nano-vfprintf_float.o)
 *fill*         0x000000000000bb42        0x2 
 .rodata._printf_i.str1.4
                0x000000000000bb44       0x25 d:/develop/mounriver_studio/toolchain/risc-v embedded gcc/bin/../lib/gcc/riscv-none-embed/8.2.0/../../../../riscv-none-embed/lib/rv32imacxw/ilp32\libg_nano.a(lib_a-nano-vfprintf_i.o)
 *fill*         0x000000000000bb69        0x7 
 .rodata._dtoa_r.cst8
                0x000000000000bb70       0x48 d:/develop/mounriver_studio/toolchain/risc-v embedded gcc/bin/../lib/gcc/riscv-none-embed/8.2.0/../../../../riscv-none-embed/lib/rv32imacxw/ilp32\libg_nano.a(lib_a-dtoa.o)
 .rodata._dtoa_r.str1.4
                0x000000000000bbb8       0x10 d:/develop/mounriver_studio/toolchain/risc-v embedded gcc/bin/../lib/gcc/riscv-none-embed/8.2.0/../../../../riscv-none-embed/lib/rv32imacxw/ilp32\libg_nano.a(lib_a-dtoa.o)
                                         0x12 (size before relaxing)
 .rodata.__sf_fake_stderr
                0x000000000000bbc8       0x20 d:/develop/mounriver_studio/toolchain/risc-v embedded gcc/bin/../lib/gcc/riscv-none-embed/8.2.0/../../../../riscv-none-embed/lib/rv32imacxw/ilp32\libg_nano.a(lib_a-findfp.o)
                0x000000000000bbc8                __sf_fake_stderr
 .rodata.__sf_fake_stdin
                0x000000000000bbe8       0x20 d:/develop/mounriver_studio/toolchain/risc-v embedded gcc/bin/../lib/gcc/riscv-none-embed/8.2.0/../../../../riscv-none-embed/lib/rv32imacxw/ilp32\libg_nano.a(lib_a-findfp.o)
                0x000000000000bbe8                __sf_fake_stdin
 .rodata.__sf_fake_stdout
                0x000000000000bc08       0x20 d:/develop/mounriver_studio/toolchain/risc-v embedded gcc/bin/../lib/gcc/riscv-none-embed/8.2.0/../../../../riscv-none-embed/lib/rv32imacxw/ilp32\libg_nano.a(lib_a-findfp.o)
                0x000000000000bc08                __sf_fake_stdout
 .rodata.__mprec_bigtens
                0x000000000000bc28       0x28 d:/develop/mounriver_studio/toolchain/risc-v embedded gcc/bin/../lib/gcc/riscv-none-embed/8.2.0/../../../../riscv-none-embed/lib/rv32imacxw/ilp32\libg_nano.a(lib_a-mprec.o)
                0x000000000000bc28                __mprec_bigtens
 .rodata.__mprec_tens
                0x000000000000bc50       0xc8 d:/develop/mounriver_studio/toolchain/risc-v embedded gcc/bin/../lib/gcc/riscv-none-embed/8.2.0/../../../../riscv-none-embed/lib/rv32imacxw/ilp32\libg_nano.a(lib_a-mprec.o)
                0x000000000000bc50                __mprec_tens
 .rodata.p05.3319
                0x000000000000bd18        0xc d:/develop/mounriver_studio/toolchain/risc-v embedded gcc/bin/../lib/gcc/riscv-none-embed/8.2.0/../../../../riscv-none-embed/lib/rv32imacxw/ilp32\libg_nano.a(lib_a-mprec.o)
 .rodata._svfprintf_r.str1.4
                0x000000000000bd24       0x13 d:/develop/mounriver_studio/toolchain/risc-v embedded gcc/bin/../lib/gcc/riscv-none-embed/8.2.0/../../../../riscv-none-embed/lib/rv32imacxw/ilp32\libg_nano.a(lib_a-nano-svfprintf.o)
 .rodata._vfprintf_r.str1.4
                0x000000000000bd37       0x13 d:/develop/mounriver_studio/toolchain/risc-v embedded gcc/bin/../lib/gcc/riscv-none-embed/8.2.0/../../../../riscv-none-embed/lib/rv32imacxw/ilp32\libg_nano.a(lib_a-nano-vfprintf.o)
 *fill*         0x000000000000bd37        0x1 
 .rodata._setlocale_r.str1.4
                0x000000000000bd38        0xa d:/develop/mounriver_studio/toolchain/risc-v embedded gcc/bin/../lib/gcc/riscv-none-embed/8.2.0/../../../../riscv-none-embed/lib/rv32imacxw/ilp32\libg_nano.a(lib_a-locale.o)
                                          0xd (size before relaxing)
 *fill*         0x000000000000bd42        0x2 
 .rodata.str1.4
                0x000000000000bd44        0x4 d:/develop/mounriver_studio/toolchain/risc-v embedded gcc/bin/../lib/gcc/riscv-none-embed/8.2.0/../../../../riscv-none-embed/lib/rv32imacxw/ilp32\libg_nano.a(lib_a-locale.o)
                                          0x2 (size before relaxing)
 .rodata._ctype_
                0x000000000000bd48      0x101 d:/develop/mounriver_studio/toolchain/risc-v embedded gcc/bin/../lib/gcc/riscv-none-embed/8.2.0/../../../../riscv-none-embed/lib/rv32imacxw/ilp32\libg_nano.a(lib_a-ctype_.o)
                0x000000000000bd48                _ctype_
 *(.gnu.linkonce.t.*)
                0x000000000000be4c                . = ALIGN (0x4)
 *fill*         0x000000000000be49        0x3 

.rela.dyn       0x000000000000be4c        0x0
 .rela.init     0x000000000000be4c        0x0 ./User/ch32v30x_it.o
 .rela.vector   0x000000000000be4c        0x0 ./User/ch32v30x_it.o
 .rela.text.handle_reset
                0x000000000000be4c        0x0 ./User/ch32v30x_it.o
 .rela.sdata.curbrk.5273
                0x000000000000be4c        0x0 ./User/ch32v30x_it.o
 .rela.text._sbrk
                0x000000000000be4c        0x0 ./User/ch32v30x_it.o
 .rela.text._svfprintf_r
                0x000000000000be4c        0x0 ./User/ch32v30x_it.o
 .rela.text._vfprintf_r
                0x000000000000be4c        0x0 ./User/ch32v30x_it.o
 .rela.text._sbrk_r
                0x000000000000be4c        0x0 ./User/ch32v30x_it.o
 .rela.text._write_r
                0x000000000000be4c        0x0 ./User/ch32v30x_it.o
 .rela.text._close_r
                0x000000000000be4c        0x0 ./User/ch32v30x_it.o
 .rela.text._fstat_r
                0x000000000000be4c        0x0 ./User/ch32v30x_it.o
 .rela.text._isatty_r
                0x000000000000be4c        0x0 ./User/ch32v30x_it.o
 .rela.text._lseek_r
                0x000000000000be4c        0x0 ./User/ch32v30x_it.o
 .rela.text._read_r
                0x000000000000be4c        0x0 ./User/ch32v30x_it.o
 .rela.text._close
                0x000000000000be4c        0x0 ./User/ch32v30x_it.o
 .rela.text._fstat
                0x000000000000be4c        0x0 ./User/ch32v30x_it.o
 .rela.text._isatty
                0x000000000000be4c        0x0 ./User/ch32v30x_it.o
 .rela.text._lseek
                0x000000000000be4c        0x0 ./User/ch32v30x_it.o
 .rela.text._read
                0x000000000000be4c        0x0 ./User/ch32v30x_it.o

.fini           0x000000000000be4c        0x0
 *(SORT_NONE(.fini))
                0x000000000000be4c                . = ALIGN (0x4)
                [!provide]                        PROVIDE (_etext = .)
                [!provide]                        PROVIDE (_eitcm = .)

.preinit_array  0x000000000000be4c        0x0
                [!provide]                        PROVIDE (__preinit_array_start = .)
 *(.preinit_array)
                [!provide]                        PROVIDE (__preinit_array_end = .)

.init_array     0x000000000000be4c        0x0
                [!provide]                        PROVIDE (__init_array_start = .)
 *(SORT_BY_INIT_PRIORITY(.init_array.*) SORT_BY_INIT_PRIORITY(.ctors.*))
 *(.init_array EXCLUDE_FILE(*crtend?.o *crtend.o *crtbegin?.o *crtbegin.o) .ctors)
                [!provide]                        PROVIDE (__init_array_end = .)

.fini_array     0x000000000000be4c        0x0
                [!provide]                        PROVIDE (__fini_array_start = .)
 *(SORT_BY_INIT_PRIORITY(.fini_array.*) SORT_BY_INIT_PRIORITY(.dtors.*))
 *(.fini_array EXCLUDE_FILE(*crtend?.o *crtend.o *crtbegin?.o *crtbegin.o) .dtors)
                [!provide]                        PROVIDE (__fini_array_end = .)

.ctors
 *crtbegin.o(.ctors)
 *crtbegin?.o(.ctors)
 *(EXCLUDE_FILE(*crtend?.o *crtend.o) .ctors)
 *(SORT_BY_NAME(.ctors.*))
 *(.ctors)

.dtors
 *crtbegin.o(.dtors)
 *crtbegin?.o(.dtors)
 *(EXCLUDE_FILE(*crtend?.o *crtend.o) .dtors)
 *(SORT_BY_NAME(.dtors.*))
 *(.dtors)

.dalign         0x0000000020000000        0x0 load address 0x000000000000be4c
                0x0000000020000000                . = ALIGN (0x4)
                0x0000000020000000                PROVIDE (_data_vma = .)

.dlalign        0x000000000000be4c        0x0
                0x000000000000be4c                . = ALIGN (0x4)
                0x000000000000be4c                PROVIDE (_data_lma = .)

.data           0x0000000020000000      0x280 load address 0x000000000000be4c
 *(.gnu.linkonce.r.*)
 *(.data .data.*)
 .data.AHBPrescTable
                0x0000000020000000       0x10 ./User/system_ch32v30x.o
                0x0000000020000000                AHBPrescTable
 .data.APBAHBPrescTable
                0x0000000020000010       0x10 ./Peripheral/src/ch32v30x_rcc.o
 .data.distance
                0x0000000020000020        0xc ./General_File/driver/rander.o
                0x0000000020000020                distance
 .data.angle    0x000000002000002c        0xc ./General_File/driver/rander.o
                0x000000002000002c                angle
 .data.send_single
                0x0000000020000038        0xc ./General_File/driver/rander.o
                0x0000000020000038                send_single
 .data.send_multiple
                0x0000000020000044        0xc ./General_File/driver/rander.o
                0x0000000020000044                send_multiple
 .data.Frame    0x0000000020000050       0x38 ./General_File/driver/rander.o
                0x0000000020000050                Frame
 .data.impure_data
                0x0000000020000088       0x60 d:/develop/mounriver_studio/toolchain/risc-v embedded gcc/bin/../lib/gcc/riscv-none-embed/8.2.0/../../../../riscv-none-embed/lib/rv32imacxw/ilp32\libg_nano.a(lib_a-impure.o)
 .data.__global_locale
                0x00000000200000e8      0x16c d:/develop/mounriver_studio/toolchain/risc-v embedded gcc/bin/../lib/gcc/riscv-none-embed/8.2.0/../../../../riscv-none-embed/lib/rv32imacxw/ilp32\libg_nano.a(lib_a-locale.o)
                0x00000000200000e8                __global_locale
 *(.gnu.linkonce.d.*)
                0x0000000020000258                . = ALIGN (0x8)
 *fill*         0x0000000020000254        0x4 
                0x0000000020000a58                PROVIDE (__global_pointer$ = (. + 0x800))
 *(.sdata .sdata.*)
 .sdata.SystemCoreClock
                0x0000000020000258        0x4 ./User/system_ch32v30x.o
                0x0000000020000258                SystemCoreClock
 .sdata.ADCPrescTable
                0x000000002000025c        0x4 ./Peripheral/src/ch32v30x_rcc.o
 .sdata.alarm_cfg
                0x0000000020000260        0x8 ./General_File/driver/asr.o
                0x0000000020000260                alarm_cfg
 .sdata.curbrk.5273
                0x0000000020000268        0x4 ./Debug/debug.o
 .sdata.__fdlib_version
                0x000000002000026c        0x4 d:/develop/mounriver_studio/toolchain/risc-v embedded gcc/bin/../lib/gcc/riscv-none-embed/8.2.0/../../../../riscv-none-embed/lib/rv32imacxw/ilp32\libm.a(lib_a-s_lib_ver.o)
                0x000000002000026c                __fdlib_version
 .sdata._impure_ptr
                0x0000000020000270        0x4 d:/develop/mounriver_studio/toolchain/risc-v embedded gcc/bin/../lib/gcc/riscv-none-embed/8.2.0/../../../../riscv-none-embed/lib/rv32imacxw/ilp32\libg_nano.a(lib_a-impure.o)
                0x0000000020000270                _impure_ptr
 *(.sdata2.*)
 .sdata2._global_impure_ptr
                0x0000000020000274        0x4 d:/develop/mounriver_studio/toolchain/risc-v embedded gcc/bin/../lib/gcc/riscv-none-embed/8.2.0/../../../../riscv-none-embed/lib/rv32imacxw/ilp32\libg_nano.a(lib_a-impure.o)
                0x0000000020000274                _global_impure_ptr
 *(.gnu.linkonce.s.*)
                0x0000000020000278                . = ALIGN (0x8)
 *(.srodata.cst16)
 *(.srodata.cst8)
 *(.srodata.cst4)
 *(.srodata.cst2)
 *(.srodata .srodata.*)
 .srodata       0x0000000020000278        0x8 ./General_File/driver/Air780e.o
                0x0000000020000280                . = ALIGN (0x4)
                0x0000000020000280                PROVIDE (_edata = .)

.bss            0x0000000020000280       0xf0 load address 0x000000000000c0cc
                0x0000000020000280                . = ALIGN (0x4)
                0x0000000020000280                PROVIDE (_sbss = .)
 *(.sbss*)
 .sbss.NVIC_Priority_Group
                0x0000000020000280        0x4 ./Peripheral/src/ch32v30x_misc.o
                0x0000000020000280                NVIC_Priority_Group
 .sbss.fall_flag
                0x0000000020000284        0x1 ./General_File/driver/asr.o
                0x0000000020000284                fall_flag
 *fill*         0x0000000020000285        0x3 
 .sbss.last_time
                0x0000000020000288        0x8 ./General_File/driver/asr.o
                0x0000000020000288                last_time
 .sbss.fall_time
                0x0000000020000290        0x8 ./General_File/driver/asr.o
                0x0000000020000290                fall_time
 .sbss.accel    0x0000000020000298        0x6 ./General_File/driver/mpu.o
                0x0000000020000298                accel
 *fill*         0x000000002000029e        0x2 
 .sbss.gyro     0x00000000200002a0        0x6 ./General_File/driver/mpu.o
                0x00000000200002a0                gyro
 *fill*         0x00000000200002a6        0x2 
 .sbss.acc_mag  0x00000000200002a8        0x4 ./General_File/driver/mpu.o
                0x00000000200002a8                acc_mag
 .sbss.gyro_mag
                0x00000000200002ac        0x4 ./General_File/driver/mpu.o
                0x00000000200002ac                gyro_mag
 .sbss.i2c_status
                0x00000000200002b0        0x1 ./General_File/driver/mpu.o
                0x00000000200002b0                i2c_status
 .sbss.decmode_change_flag
                0x00000000200002b1        0x1 ./General_File/driver/rander.o
                0x00000000200002b1                decmode_change_flag
 .sbss.detect_flag
                0x00000000200002b2        0x1 ./General_File/driver/rander.o
                0x00000000200002b2                detect_flag
 .sbss.rec_count
                0x00000000200002b3        0x1 ./General_File/interrupt.o
                0x00000000200002b3                rec_count
 .sbss.usart2_cmd_received
                0x00000000200002b4        0x1 ./General_File/interrupt.o
                0x00000000200002b4                usart2_cmd_received
 *fill*         0x00000000200002b5        0x3 
 .sbss.sys_time
                0x00000000200002b8        0x8 ./General_File/interrupt.o
                0x00000000200002b8                sys_time
 .sbss.p_us     0x00000000200002c0        0x1 ./Debug/debug.o
 *fill*         0x00000000200002c1        0x1 
 .sbss.p_ms     0x00000000200002c2        0x2 ./Debug/debug.o
 .sbss.__malloc_free_list
                0x00000000200002c4        0x4 d:/develop/mounriver_studio/toolchain/risc-v embedded gcc/bin/../lib/gcc/riscv-none-embed/8.2.0/../../../../riscv-none-embed/lib/rv32imacxw/ilp32\libg_nano.a(lib_a-nano-mallocr.o)
                0x00000000200002c4                __malloc_free_list
 .sbss.__malloc_sbrk_start
                0x00000000200002c8        0x4 d:/develop/mounriver_studio/toolchain/risc-v embedded gcc/bin/../lib/gcc/riscv-none-embed/8.2.0/../../../../riscv-none-embed/lib/rv32imacxw/ilp32\libg_nano.a(lib_a-nano-mallocr.o)
                0x00000000200002c8                __malloc_sbrk_start
 *(.gnu.linkonce.sb.*)
 *(.bss*)
 .bss.target_alarms
                0x00000000200002cc       0x18 ./General_File/driver/asr.o
                0x00000000200002cc                target_alarms
 .bss.send_dis  0x00000000200002e4       0x14 ./General_File/driver/rander.o
                0x00000000200002e4                send_dis
 .bss.send_ang  0x00000000200002f8       0x14 ./General_File/driver/rander.o
                0x00000000200002f8                send_ang
 .bss.rec_data  0x000000002000030c       0x1e ./General_File/driver/rander.o
                0x000000002000030c                rec_data
 *fill*         0x000000002000032a        0x2 
 .bss.show_x    0x000000002000032c       0x10 ./General_File/system.o
                0x000000002000032c                show_x
 .bss.show_y    0x000000002000033c       0x10 ./General_File/system.o
                0x000000002000033c                show_y
 .bss.show_speed
                0x000000002000034c       0x10 ./General_File/system.o
                0x000000002000034c                show_speed
 .bss.show_resolution
                0x000000002000035c       0x10 ./General_File/system.o
                0x000000002000035c                show_resolution
 *(.gnu.linkonce.b.*)
 *(COMMON*)
 COMMON         0x000000002000036c        0x4 d:/develop/mounriver_studio/toolchain/risc-v embedded gcc/bin/../lib/gcc/riscv-none-embed/8.2.0/../../../../riscv-none-embed/lib/rv32imacxw/ilp32\libg_nano.a(lib_a-reent.o)
                0x000000002000036c                errno
                0x0000000020000370                . = ALIGN (0x4)
                0x0000000020000370                PROVIDE (_ebss = .)
                0x0000000020000370                PROVIDE (_end = _ebss)
                [!provide]                        PROVIDE (end = .)

.stack          0x0000000020007800      0x800
                0x0000000020007800                PROVIDE (_heap_end = .)
                0x0000000020007800                . = ALIGN (0x4)
                [!provide]                        PROVIDE (_susrstack = .)
                0x0000000020008000                . = (. + __stack_size)
 *fill*         0x0000000020007800      0x800 
                0x0000000020008000                PROVIDE (_eusrstack = .)
OUTPUT(24G_rander_navi.elf elf32-littleriscv)

.debug_info     0x0000000000000000    0x13ded
 .debug_info    0x0000000000000000      0xbc0 ./User/ch32v30x_it.o
 .debug_info    0x0000000000000bc0      0xade ./User/main.o
 .debug_info    0x000000000000169e      0xb92 ./User/system_ch32v30x.o
 .debug_info    0x0000000000002230       0x22 ./Startup/startup_ch32v30x_D8C.o
 .debug_info    0x0000000000002252      0xa3b ./Peripheral/src/ch32v30x_dbgmcu.o
 .debug_info    0x0000000000002c8d     0x1004 ./Peripheral/src/ch32v30x_gpio.o
 .debug_info    0x0000000000003c91     0x1432 ./Peripheral/src/ch32v30x_i2c.o
 .debug_info    0x00000000000050c3      0xf59 ./Peripheral/src/ch32v30x_misc.o
 .debug_info    0x000000000000601c     0x154a ./Peripheral/src/ch32v30x_rcc.o
 .debug_info    0x0000000000007566     0x26a8 ./Peripheral/src/ch32v30x_tim.o
 .debug_info    0x0000000000009c0e     0x12a8 ./Peripheral/src/ch32v30x_usart.o
 .debug_info    0x000000000000aeb6      0xab4 ./General_File/driver/Air780e.o
 .debug_info    0x000000000000b96a      0xf13 ./General_File/driver/OLED.o
 .debug_info    0x000000000000c87d      0xfb6 ./General_File/driver/asr.o
 .debug_info    0x000000000000d833     0x1075 ./General_File/driver/mpu.o
 .debug_info    0x000000000000e8a8      0xf04 ./General_File/driver/rander.o
 .debug_info    0x000000000000f7ac     0x1250 ./General_File/init.o
 .debug_info    0x00000000000109fc     0x10c0 ./General_File/interrupt.o
 .debug_info    0x0000000000011abc     0x14e5 ./General_File/system.o
 .debug_info    0x0000000000012fa1      0xe4c ./Debug/debug.o

.debug_abbrev   0x0000000000000000     0x32c2
 .debug_abbrev  0x0000000000000000      0x22c ./User/ch32v30x_it.o
 .debug_abbrev  0x000000000000022c      0x1d1 ./User/main.o
 .debug_abbrev  0x00000000000003fd      0x29e ./User/system_ch32v30x.o
 .debug_abbrev  0x000000000000069b       0x12 ./Startup/startup_ch32v30x_D8C.o
 .debug_abbrev  0x00000000000006ad      0x276 ./Peripheral/src/ch32v30x_dbgmcu.o
 .debug_abbrev  0x0000000000000923      0x2f5 ./Peripheral/src/ch32v30x_gpio.o
 .debug_abbrev  0x0000000000000c18      0x2d3 ./Peripheral/src/ch32v30x_i2c.o
 .debug_abbrev  0x0000000000000eeb      0x2c7 ./Peripheral/src/ch32v30x_misc.o
 .debug_abbrev  0x00000000000011b2      0x2fa ./Peripheral/src/ch32v30x_rcc.o
 .debug_abbrev  0x00000000000014ac      0x2ed ./Peripheral/src/ch32v30x_tim.o
 .debug_abbrev  0x0000000000001799      0x2c2 ./Peripheral/src/ch32v30x_usart.o
 .debug_abbrev  0x0000000000001a5b      0x201 ./General_File/driver/Air780e.o
 .debug_abbrev  0x0000000000001c5c      0x2ec ./General_File/driver/OLED.o
 .debug_abbrev  0x0000000000001f48      0x2e6 ./General_File/driver/asr.o
 .debug_abbrev  0x000000000000222e      0x340 ./General_File/driver/mpu.o
 .debug_abbrev  0x000000000000256e      0x295 ./General_File/driver/rander.o
 .debug_abbrev  0x0000000000002803      0x252 ./General_File/init.o
 .debug_abbrev  0x0000000000002a55      0x2cd ./General_File/interrupt.o
 .debug_abbrev  0x0000000000002d22      0x2bd ./General_File/system.o
 .debug_abbrev  0x0000000000002fdf      0x2e3 ./Debug/debug.o

.debug_aranges  0x0000000000000000      0xb68
 .debug_aranges
                0x0000000000000000       0x28 ./User/ch32v30x_it.o
 .debug_aranges
                0x0000000000000028       0x20 ./User/main.o
 .debug_aranges
                0x0000000000000048       0x38 ./User/system_ch32v30x.o
 .debug_aranges
                0x0000000000000080       0x30 ./Startup/startup_ch32v30x_D8C.o
 .debug_aranges
                0x00000000000000b0       0x48 ./Peripheral/src/ch32v30x_dbgmcu.o
 .debug_aranges
                0x00000000000000f8       0xb0 ./Peripheral/src/ch32v30x_gpio.o
 .debug_aranges
                0x00000000000001a8      0x120 ./Peripheral/src/ch32v30x_i2c.o
 .debug_aranges
                0x00000000000002c8       0x28 ./Peripheral/src/ch32v30x_misc.o
 .debug_aranges
                0x00000000000002f0      0x1a8 ./Peripheral/src/ch32v30x_rcc.o
 .debug_aranges
                0x0000000000000498      0x2f0 ./Peripheral/src/ch32v30x_tim.o
 .debug_aranges
                0x0000000000000788       0xf0 ./Peripheral/src/ch32v30x_usart.o
 .debug_aranges
                0x0000000000000878       0x20 ./General_File/driver/Air780e.o
 .debug_aranges
                0x0000000000000898       0x98 ./General_File/driver/OLED.o
 .debug_aranges
                0x0000000000000930       0x70 ./General_File/driver/asr.o
 .debug_aranges
                0x00000000000009a0       0x68 ./General_File/driver/mpu.o
 .debug_aranges
                0x0000000000000a08       0x48 ./General_File/driver/rander.o
 .debug_aranges
                0x0000000000000a50       0x40 ./General_File/init.o
 .debug_aranges
                0x0000000000000a90       0x48 ./General_File/interrupt.o
 .debug_aranges
                0x0000000000000ad8       0x40 ./General_File/system.o
 .debug_aranges
                0x0000000000000b18       0x50 ./Debug/debug.o

.debug_ranges   0x0000000000000000      0xa60
 .debug_ranges  0x0000000000000000       0x18 ./User/ch32v30x_it.o
 .debug_ranges  0x0000000000000018       0x10 ./User/main.o
 .debug_ranges  0x0000000000000028       0x28 ./User/system_ch32v30x.o
 .debug_ranges  0x0000000000000050       0x28 ./Startup/startup_ch32v30x_D8C.o
 .debug_ranges  0x0000000000000078       0x38 ./Peripheral/src/ch32v30x_dbgmcu.o
 .debug_ranges  0x00000000000000b0       0xa0 ./Peripheral/src/ch32v30x_gpio.o
 .debug_ranges  0x0000000000000150      0x110 ./Peripheral/src/ch32v30x_i2c.o
 .debug_ranges  0x0000000000000260       0x18 ./Peripheral/src/ch32v30x_misc.o
 .debug_ranges  0x0000000000000278      0x198 ./Peripheral/src/ch32v30x_rcc.o
 .debug_ranges  0x0000000000000410      0x2e0 ./Peripheral/src/ch32v30x_tim.o
 .debug_ranges  0x00000000000006f0       0xe0 ./Peripheral/src/ch32v30x_usart.o
 .debug_ranges  0x00000000000007d0       0x10 ./General_File/driver/Air780e.o
 .debug_ranges  0x00000000000007e0       0x88 ./General_File/driver/OLED.o
 .debug_ranges  0x0000000000000868       0x90 ./General_File/driver/asr.o
 .debug_ranges  0x00000000000008f8       0x58 ./General_File/driver/mpu.o
 .debug_ranges  0x0000000000000950       0x38 ./General_File/driver/rander.o
 .debug_ranges  0x0000000000000988       0x30 ./General_File/init.o
 .debug_ranges  0x00000000000009b8       0x38 ./General_File/interrupt.o
 .debug_ranges  0x00000000000009f0       0x30 ./General_File/system.o
 .debug_ranges  0x0000000000000a20       0x40 ./Debug/debug.o

.debug_line     0x0000000000000000     0xb917
 .debug_line    0x0000000000000000      0x286 ./User/ch32v30x_it.o
 .debug_line    0x0000000000000286      0x28e ./User/main.o
 .debug_line    0x0000000000000514      0x776 ./User/system_ch32v30x.o
 .debug_line    0x0000000000000c8a      0x122 ./Startup/startup_ch32v30x_D8C.o
 .debug_line    0x0000000000000dac      0x359 ./Peripheral/src/ch32v30x_dbgmcu.o
 .debug_line    0x0000000000001105      0xde5 ./Peripheral/src/ch32v30x_gpio.o
 .debug_line    0x0000000000001eea      0xd56 ./Peripheral/src/ch32v30x_i2c.o
 .debug_line    0x0000000000002c40      0x3f0 ./Peripheral/src/ch32v30x_misc.o
 .debug_line    0x0000000000003030     0x149d ./Peripheral/src/ch32v30x_rcc.o
 .debug_line    0x00000000000044cd     0x214f ./Peripheral/src/ch32v30x_tim.o
 .debug_line    0x000000000000661c      0xc79 ./Peripheral/src/ch32v30x_usart.o
 .debug_line    0x0000000000007295      0x2ef ./General_File/driver/Air780e.o
 .debug_line    0x0000000000007584      0xa92 ./General_File/driver/OLED.o
 .debug_line    0x0000000000008016      0xa83 ./General_File/driver/asr.o
 .debug_line    0x0000000000008a99     0x1056 ./General_File/driver/mpu.o
 .debug_line    0x0000000000009aef      0x785 ./General_File/driver/rander.o
 .debug_line    0x000000000000a274      0x4b4 ./General_File/init.o
 .debug_line    0x000000000000a728      0x5e3 ./General_File/interrupt.o
 .debug_line    0x000000000000ad0b      0x67d ./General_File/system.o
 .debug_line    0x000000000000b388      0x58f ./Debug/debug.o

.debug_str      0x0000000000000000     0x344e
 .debug_str     0x0000000000000000      0x610 ./User/ch32v30x_it.o
                                        0x684 (size before relaxing)
 .debug_str     0x0000000000000610       0xa6 ./User/main.o
                                        0x650 (size before relaxing)
 .debug_str     0x00000000000006b6      0x12a ./User/system_ch32v30x.o
                                        0x6e9 (size before relaxing)
 .debug_str     0x00000000000007e0       0x2e ./Startup/startup_ch32v30x_D8C.o
                                         0x69 (size before relaxing)
 .debug_str     0x000000000000080e       0xb7 ./Peripheral/src/ch32v30x_dbgmcu.o
                                        0x645 (size before relaxing)
 .debug_str     0x00000000000008c5      0x3a8 ./Peripheral/src/ch32v30x_gpio.o
                                        0x981 (size before relaxing)
 .debug_str     0x0000000000000c6d      0x425 ./Peripheral/src/ch32v30x_i2c.o
                                        0xab6 (size before relaxing)
 .debug_str     0x0000000000001092      0x655 ./Peripheral/src/ch32v30x_misc.o
                                        0xcb8 (size before relaxing)
 .debug_str     0x00000000000016e7      0x579 ./Peripheral/src/ch32v30x_rcc.o
                                        0xcde (size before relaxing)
 .debug_str     0x0000000000001c60      0xba6 ./Peripheral/src/ch32v30x_tim.o
                                       0x1257 (size before relaxing)
 .debug_str     0x0000000000002806      0x3ef ./Peripheral/src/ch32v30x_usart.o
                                        0xab9 (size before relaxing)
 .debug_str     0x0000000000002bf5       0x2e ./General_File/driver/Air780e.o
                                        0x657 (size before relaxing)
 .debug_str     0x0000000000002c23      0x144 ./General_File/driver/OLED.o
                                        0x891 (size before relaxing)
 .debug_str     0x0000000000002d67      0x207 ./General_File/driver/asr.o
                                        0x8fe (size before relaxing)
 .debug_str     0x0000000000002f6e      0x10e ./General_File/driver/mpu.o
                                        0x9ed (size before relaxing)
 .debug_str     0x000000000000307c       0xd8 ./General_File/driver/rander.o
                                        0x830 (size before relaxing)
 .debug_str     0x0000000000003154      0x10a ./General_File/init.o
                                        0xb2b (size before relaxing)
 .debug_str     0x000000000000325e       0xbe ./General_File/interrupt.o
                                        0x986 (size before relaxing)
 .debug_str     0x000000000000331c       0x9a ./General_File/system.o
                                        0xf82 (size before relaxing)
 .debug_str     0x00000000000033b6       0x98 ./Debug/debug.o
                                        0x8c7 (size before relaxing)

.comment        0x0000000000000000       0x33
 .comment       0x0000000000000000       0x33 ./User/ch32v30x_it.o
                                         0x34 (size before relaxing)
 .comment       0x0000000000000033       0x34 ./User/main.o
 .comment       0x0000000000000033       0x34 ./User/system_ch32v30x.o
 .comment       0x0000000000000033       0x34 ./Peripheral/src/ch32v30x_dbgmcu.o
 .comment       0x0000000000000033       0x34 ./Peripheral/src/ch32v30x_gpio.o
 .comment       0x0000000000000033       0x34 ./Peripheral/src/ch32v30x_i2c.o
 .comment       0x0000000000000033       0x34 ./Peripheral/src/ch32v30x_misc.o
 .comment       0x0000000000000033       0x34 ./Peripheral/src/ch32v30x_rcc.o
 .comment       0x0000000000000033       0x34 ./Peripheral/src/ch32v30x_tim.o
 .comment       0x0000000000000033       0x34 ./Peripheral/src/ch32v30x_usart.o
 .comment       0x0000000000000033       0x34 ./General_File/driver/Air780e.o
 .comment       0x0000000000000033       0x34 ./General_File/driver/OLED.o
 .comment       0x0000000000000033       0x34 ./General_File/driver/asr.o
 .comment       0x0000000000000033       0x34 ./General_File/driver/mpu.o
 .comment       0x0000000000000033       0x34 ./General_File/driver/rander.o
 .comment       0x0000000000000033       0x34 ./General_File/init.o
 .comment       0x0000000000000033       0x34 ./General_File/interrupt.o
 .comment       0x0000000000000033       0x34 ./General_File/system.o
 .comment       0x0000000000000033       0x34 ./Debug/debug.o

.debug_frame    0x0000000000000000     0x40e0
 .debug_frame   0x0000000000000000       0x48 ./User/ch32v30x_it.o
 .debug_frame   0x0000000000000048       0x2c ./User/main.o
 .debug_frame   0x0000000000000074       0xa0 ./User/system_ch32v30x.o
 .debug_frame   0x0000000000000114       0xd4 ./Peripheral/src/ch32v30x_dbgmcu.o
 .debug_frame   0x00000000000001e8      0x288 ./Peripheral/src/ch32v30x_gpio.o
 .debug_frame   0x0000000000000470      0x43c ./Peripheral/src/ch32v30x_i2c.o
 .debug_frame   0x00000000000008ac       0x50 ./Peripheral/src/ch32v30x_misc.o
 .debug_frame   0x00000000000008fc      0x658 ./Peripheral/src/ch32v30x_rcc.o
 .debug_frame   0x0000000000000f54      0xbac ./Peripheral/src/ch32v30x_tim.o
 .debug_frame   0x0000000000001b00      0x380 ./Peripheral/src/ch32v30x_usart.o
 .debug_frame   0x0000000000001e80       0x34 ./General_File/driver/Air780e.o
 .debug_frame   0x0000000000001eb4      0x260 ./General_File/driver/OLED.o
 .debug_frame   0x0000000000002114      0x1a0 ./General_File/driver/asr.o
 .debug_frame   0x00000000000022b4      0x190 ./General_File/driver/mpu.o
 .debug_frame   0x0000000000002444       0xf4 ./General_File/driver/rander.o
 .debug_frame   0x0000000000002538       0xc4 ./General_File/init.o
 .debug_frame   0x00000000000025fc       0xd0 ./General_File/interrupt.o
 .debug_frame   0x00000000000026cc       0xd8 ./General_File/system.o
 .debug_frame   0x00000000000027a4       0xfc ./Debug/debug.o
 .debug_frame   0x00000000000028a0       0x4c d:/develop/mounriver_studio/toolchain/risc-v embedded gcc/bin/../lib/gcc/riscv-none-embed/8.2.0/../../../../riscv-none-embed/lib/rv32imacxw/ilp32\libm.a(lib_a-wf_acos.o)
 .debug_frame   0x00000000000028ec       0x20 d:/develop/mounriver_studio/toolchain/risc-v embedded gcc/bin/../lib/gcc/riscv-none-embed/8.2.0/../../../../riscv-none-embed/lib/rv32imacxw/ilp32\libm.a(lib_a-wf_atan2.o)
 .debug_frame   0x000000000000290c       0x4c d:/develop/mounriver_studio/toolchain/risc-v embedded gcc/bin/../lib/gcc/riscv-none-embed/8.2.0/../../../../riscv-none-embed/lib/rv32imacxw/ilp32\libm.a(lib_a-wf_sqrt.o)
 .debug_frame   0x0000000000002958       0x94 d:/develop/mounriver_studio/toolchain/risc-v embedded gcc/bin/../lib/gcc/riscv-none-embed/8.2.0/../../../../riscv-none-embed/lib/rv32imacxw/ilp32\libm.a(lib_a-ef_acos.o)
 .debug_frame   0x00000000000029ec       0x48 d:/develop/mounriver_studio/toolchain/risc-v embedded gcc/bin/../lib/gcc/riscv-none-embed/8.2.0/../../../../riscv-none-embed/lib/rv32imacxw/ilp32\libm.a(lib_a-ef_atan2.o)
 .debug_frame   0x0000000000002a34       0x48 d:/develop/mounriver_studio/toolchain/risc-v embedded gcc/bin/../lib/gcc/riscv-none-embed/8.2.0/../../../../riscv-none-embed/lib/rv32imacxw/ilp32\libm.a(lib_a-ef_sqrt.o)
 .debug_frame   0x0000000000002a7c       0x20 d:/develop/mounriver_studio/toolchain/risc-v embedded gcc/bin/../lib/gcc/riscv-none-embed/8.2.0/../../../../riscv-none-embed/lib/rv32imacxw/ilp32\libm.a(lib_a-s_matherr.o)
 .debug_frame   0x0000000000002a9c       0x20 d:/develop/mounriver_studio/toolchain/risc-v embedded gcc/bin/../lib/gcc/riscv-none-embed/8.2.0/../../../../riscv-none-embed/lib/rv32imacxw/ilp32\libm.a(lib_a-s_nan.o)
 .debug_frame   0x0000000000002abc       0x44 d:/develop/mounriver_studio/toolchain/risc-v embedded gcc/bin/../lib/gcc/riscv-none-embed/8.2.0/../../../../riscv-none-embed/lib/rv32imacxw/ilp32\libm.a(lib_a-sf_atan.o)